Archive member included to satisfy reference by file (symbol)

/Applications/SEGGER Embedded Studio for ARM 3.34a/lib/libm_v7em_fpv4_sp_d16_hard_t_le_eabi.a(libm_asm.o)
                              Output/xiaomi-m365-display nrf52832_ssd1306/Obj/main.o (__aeabi_i2d)
/Applications/SEGGER Embedded Studio for ARM 3.34a/lib/libc_v7em_fpv4_sp_d16_hard_t_le_eabi.a(libc2.o)
                              Output/xiaomi-m365-display nrf52832_ssd1306/Obj/ssd1306.o (abs)
/Applications/SEGGER Embedded Studio for ARM 3.34a/lib/libc_v7em_fpv4_sp_d16_hard_t_le_eabi.a(libc2_asm.o)
                              Output/xiaomi-m365-display nrf52832_ssd1306/Obj/nrf_log_backend_serial.o (memcpy)
/Applications/SEGGER Embedded Studio for ARM 3.34a/lib/libc_v7em_fpv4_sp_d16_hard_t_le_eabi.a(libc_asm.o)
                              /Applications/SEGGER Embedded Studio for ARM 3.34a/lib/libc_v7em_fpv4_sp_d16_hard_t_le_eabi.a(libc2.o) (__aeabi_uldivmod)
/Applications/SEGGER Embedded Studio for ARM 3.34a/lib/libdebugio_v7em_fpv4_sp_d16_hard_t_le_eabi.a(libdebugio.o)
                              Output/xiaomi-m365-display nrf52832_ssd1306/Obj/thumb_crt0.o (debug_fopen)
/Applications/SEGGER Embedded Studio for ARM 3.34a/lib/libdebugio_mempoll_v7em_fpv4_sp_d16_hard_t_le_eabi.a(mempoll_debug_operations.o)
                              /Applications/SEGGER Embedded Studio for ARM 3.34a/lib/libdebugio_v7em_fpv4_sp_d16_hard_t_le_eabi.a(libdebugio.o) (__do_debug_operation)
/Applications/SEGGER Embedded Studio for ARM 3.34a/lib/libdebugio_mempoll_v7em_fpv4_sp_d16_hard_t_le_eabi.a(do_nv_debug_operation.o)
                              /Applications/SEGGER Embedded Studio for ARM 3.34a/lib/libdebugio_v7em_fpv4_sp_d16_hard_t_le_eabi.a(libdebugio.o) (__do_nvdebug_operation)
/Applications/SEGGER Embedded Studio for ARM 3.34a/lib/libm_v7em_fpv4_sp_d16_hard_t_le_eabi.a(libm2.o)
                              /Applications/SEGGER Embedded Studio for ARM 3.34a/lib/libvfprintf_v7em_fpv4_sp_d16_hard_t_le_eabi.o (frexp)
/Applications/SEGGER Embedded Studio for ARM 3.34a/lib/libm_v7em_fpv4_sp_d16_hard_t_le_eabi.a(libm2_asm.o)
                              /Applications/SEGGER Embedded Studio for ARM 3.34a/lib/libm_v7em_fpv4_sp_d16_hard_t_le_eabi.a(libm2.o) (fabs)

Discarded input sections

 .text          0x0000000000000000        0x0 Output/xiaomi-m365-display nrf52832_ssd1306/Obj/thumb_crt0.o
 .data          0x0000000000000000        0x0 Output/xiaomi-m365-display nrf52832_ssd1306/Obj/thumb_crt0.o
 .bss           0x0000000000000000        0x0 Output/xiaomi-m365-display nrf52832_ssd1306/Obj/thumb_crt0.o
 .text.__printf_lock
                0x0000000000000000        0x2 Output/xiaomi-m365-display nrf52832_ssd1306/Obj/thumb_crt0.o
 .text.__printf_unlock
                0x0000000000000000        0x2 Output/xiaomi-m365-display nrf52832_ssd1306/Obj/thumb_crt0.o
 .text.__scanf_lock
                0x0000000000000000        0x2 Output/xiaomi-m365-display nrf52832_ssd1306/Obj/thumb_crt0.o
 .text.__scanf_unlock
                0x0000000000000000        0x2 Output/xiaomi-m365-display nrf52832_ssd1306/Obj/thumb_crt0.o
 .text.__debug_io_lock
                0x0000000000000000        0x2 Output/xiaomi-m365-display nrf52832_ssd1306/Obj/thumb_crt0.o
 .text.__debug_io_unlock
                0x0000000000000000        0x2 Output/xiaomi-m365-display nrf52832_ssd1306/Obj/thumb_crt0.o
 .text.abort    0x0000000000000000        0x2 Output/xiaomi-m365-display nrf52832_ssd1306/Obj/thumb_crt0.o
 .text.__assert
                0x0000000000000000        0x2 Output/xiaomi-m365-display nrf52832_ssd1306/Obj/thumb_crt0.o
 .text.__aeabi_assert
                0x0000000000000000        0x2 Output/xiaomi-m365-display nrf52832_ssd1306/Obj/thumb_crt0.o
 .text.__cxa_pure_virtual
                0x0000000000000000        0x2 Output/xiaomi-m365-display nrf52832_ssd1306/Obj/thumb_crt0.o
 .text.__cxa_guard_acquire
                0x0000000000000000       0x10 Output/xiaomi-m365-display nrf52832_ssd1306/Obj/thumb_crt0.o
 .text.__cxa_guard_release
                0x0000000000000000        0x6 Output/xiaomi-m365-display nrf52832_ssd1306/Obj/thumb_crt0.o
 .text.__cxa_guard_abort
                0x0000000000000000        0x2 Output/xiaomi-m365-display nrf52832_ssd1306/Obj/thumb_crt0.o
 .text.__sync_synchronize
                0x0000000000000000        0x2 Output/xiaomi-m365-display nrf52832_ssd1306/Obj/thumb_crt0.o
 .text.__getchar
                0x0000000000000000        0x4 Output/xiaomi-m365-display nrf52832_ssd1306/Obj/thumb_crt0.o
 .text.__putchar
                0x0000000000000000        0x4 Output/xiaomi-m365-display nrf52832_ssd1306/Obj/thumb_crt0.o
 .text.__open   0x0000000000000000        0x4 Output/xiaomi-m365-display nrf52832_ssd1306/Obj/thumb_crt0.o
 .text.__close  0x0000000000000000        0x4 Output/xiaomi-m365-display nrf52832_ssd1306/Obj/thumb_crt0.o
 .text.__write  0x0000000000000000        0xa Output/xiaomi-m365-display nrf52832_ssd1306/Obj/thumb_crt0.o
[...]
Memory Configuration

Name             Origin             Length             Attributes
UNPLACED_SECTIONS 0x0000000100000000 0x0000000000000000 xw
FLASH            0x0000000000000000 0x0000000000080000 xr
SRAM             0x0000000020000000 0x0000000000010000 xw
*default*        0x0000000000000000 0xffffffffffffffff

Linker script and memory map

                0x0000000000029108                __vfprintf = __vfprintf_float_long
                0x0000000000000000                __vfscanf = __vfscanf_int
                0x0000000000000000                __FLASH_segment_start__ = 0x0
                0x0000000000080000                __FLASH_segment_end__ = 0x80000
                0x0000000000080000                __FLASH_segment_size__ = 0x80000
                0x0000000020000000                __SRAM_segment_start__ = 0x20000000
                0x0000000020010000                __SRAM_segment_end__ = 0x20010000
                0x0000000000010000                __SRAM_segment_size__ = 0x10000
                0x0000000000000400                __HEAPSIZE__ = 0x400
                0x0000000000000000                __STACKSIZE_ABT__ = 0x0
                0x0000000000000000                __STACKSIZE_FIQ__ = 0x0
                0x0000000000000000                __STACKSIZE_IRQ__ = 0x0
                0x0000000000000000                __STACKSIZE_PROCESS__ = 0x0
                0x0000000000000000                __STACKSIZE_SVC__ = 0x0
                0x0000000000000000                __STACKSIZE_UND__ = 0x0
                0x0000000000000400                __STACKSIZE__ = 0x400
                0x0000000020001fe8                __vectors_ram_load_start__ = 0x20001fe8

.vectors_ram    0x0000000020001fe8        0x0
                0x0000000020001fe8                __vectors_ram_start__ = .
 *(.vectors_ram .vectors_ram.*)
                0x0000000020001fe8                __vectors_ram_end__ = (__vectors_ram_start__ + SIZEOF (.vectors_ram))
                0x0000000000000000                __vectors_ram_size__ = SIZEOF (.vectors_ram)
                0x0000000020001fe8                __vectors_ram_load_end__ = __vectors_ram_end__
                0x0000000000000001                . = ASSERT (((__vectors_ram_start__ == __vectors_ram_end__) || ((__vectors_ram_end__ >= __SRAM_segment_start__) && (__vectors_ram_end__ <= __SRAM_segment_end__))), error: .vectors_ram is too large to fit in SRAM memory segment)
                0x000000000001f000                __vectors_load_start__ = 0x1f000

.vectors        0x000000000001f000       0xd8
                0x000000000001f000                __vectors_start__ = .
 *(.vectors .vectors.*)
 .vectors       0x000000000001f000       0xd8 Output/xiaomi-m365-display nrf52832_ssd1306/Obj/ses_nrf52_startup.o
                0x000000000001f000                _vectors
                0x000000000001f0d8                __vectors_end__ = (__vectors_start__ + SIZEOF (.vectors))
                0x00000000000000d8                __vectors_size__ = SIZEOF (.vectors)
                0x000000000001f0d8                __vectors_load_end__ = __vectors_end__
                0x0000000000000001                . = ASSERT (((__vectors_start__ == __vectors_end__) || ((__vectors_end__ >= __FLASH_segment_start__) && (__vectors_end__ <= __FLASH_segment_end__))), error: .vectors is too large to fit in FLASH memory segment)
                0x000000000001f0d8                __init_load_start__ = ALIGN (__vectors_end__, 0x4)

.init           0x000000000001f0d8      0x1c4
                0x000000000001f0d8                __init_start__ = .
 *(.init .init.*)
 .init          0x000000000001f0d8      0x158 Output/xiaomi-m365-display nrf52832_ssd1306/Obj/thumb_crt0.o
                0x000000000001f0d8                _start
                0x000000000001f18a                exit
 .init          0x000000000001f230       0x6c Output/xiaomi-m365-display nrf52832_ssd1306/Obj/ses_nrf52_startup.o
                0x000000000001f230                NMI_Handler
                0x000000000001f232                HardFault_Handler
                0x000000000001f234                MemoryManagement_Handler
                0x000000000001f236                BusFault_Handler
                0x000000000001f238                UsageFault_Handler
                0x000000000001f23a                SVC_Handler
                0x000000000001f23c                DebugMon_Handler
                0x000000000001f23e                PendSV_Handler
                0x000000000001f240                SysTick_Handler
                0x000000000001f244                RADIO_IRQHandler
                0x000000000001f248                SPIM0_SPIS0_TWIM0_TWIS0_SPI0_TWI0_IRQHandler
                0x000000000001f24c                NFCT_IRQHandler
                0x000000000001f250                SAADC_IRQHandler
                0x000000000001f252                TIMER0_IRQHandler
                0x000000000001f254                TIMER1_IRQHandler
                0x000000000001f256                TIMER2_IRQHandler
                0x000000000001f258                RTC0_IRQHandler
                0x000000000001f25a                TEMP_IRQHandler
                0x000000000001f25c                RNG_IRQHandler
                0x000000000001f25e                ECB_IRQHandler
                0x000000000001f260                CCM_AAR_IRQHandler
                0x000000000001f262                WDT_IRQHandler
                0x000000000001f266                QDEC_IRQHandler
                0x000000000001f268                COMP_LPCOMP_IRQHandler
                0x000000000001f26c                SWI1_EGU1_IRQHandler
                0x000000000001f270                SWI3_EGU3_IRQHandler
                0x000000000001f272                SWI4_EGU4_IRQHandler
                0x000000000001f274                SWI5_EGU5_IRQHandler
                0x000000000001f276                TIMER3_IRQHandler
                0x000000000001f278                TIMER4_IRQHandler
                0x000000000001f27a                PWM0_IRQHandler
                0x000000000001f27c                PDM_IRQHandler
                0x000000000001f27e                MWU_IRQHandler
                0x000000000001f280                PWM1_IRQHandler
                0x000000000001f282                PWM2_IRQHandler
                0x000000000001f284                SPIM2_SPIS2_SPI2_IRQHandler
                0x000000000001f286                RTC2_IRQHandler
                0x000000000001f288                I2S_IRQHandler
                0x000000000001f28a                reset_handler
                0x000000000001f29c                __init_end__ = (__init_start__ + SIZEOF (.init))
                0x00000000000001c4                __init_size__ = SIZEOF (.init)
                0x000000000001f29c                __init_load_end__ = __init_end__
                0x0000000000000001                . = ASSERT (((__init_start__ == __init_end__) || ((__init_end__ >= __FLASH_segment_start__) && (__init_end__ <= __FLASH_segment_end__))), error: .init is too large to fit in FLASH memory segment)
                0x000000000001f29c                __init_rodata_load_start__ = ALIGN (__init_end__, 0x4)

.init_rodata    0x000000000001f29c        0x0
                0x000000000001f29c                __init_rodata_start__ = .
 *(.init_rodata .init_rodata.*)
                0x000000000001f29c                __init_rodata_end__ = (__init_rodata_start__ + SIZEOF (.init_rodata))
                0x0000000000000000                __init_rodata_size__ = SIZEOF (.init_rodata)
                0x000000000001f29c                __init_rodata_load_end__ = __init_rodata_end__
                0x0000000000000001                . = ASSERT (((__init_rodata_start__ == __init_rodata_end__) || ((__init_rodata_end__ >= __FLASH_segment_start__) && (__init_rodata_end__ <= __FLASH_segment_end__))), error: .init_rodata is too large to fit in FLASH memory segment)
                0x000000000001f29c                __text_load_start__ = ALIGN (__init_rodata_end__, 0x4)

.text           0x000000000001f29c     0xb39c
                0x000000000001f29c                __text_start__ = .
 *(.text .text.* .glue_7t .glue_7 .gnu.linkonce.t.* .gcc_except_table .ARM.extab* .gnu.linkonce.armextab.*)
 .glue_7        0x000000000001f29c        0x0 linker stubs
 .glue_7t       0x000000000001f29c        0x0 linker stubs
 .text.__aeabi_read_tp
                0x000000000001f29c        0x8 Output/xiaomi-m365-display nrf52832_ssd1306/Obj/thumb_crt0.o
                0x000000000001f29c                __aeabi_read_tp
 .text.__heap_lock
                0x000000000001f2a4        0x2 Output/xiaomi-m365-display nrf52832_ssd1306/Obj/thumb_crt0.o
                0x000000000001f2a4                __heap_lock
 .text.__heap_unlock
                0x000000000001f2a6        0x2 Output/xiaomi-m365-display nrf52832_ssd1306/Obj/thumb_crt0.o
                0x000000000001f2a6                __heap_unlock
 .text.nrf_delay_us
                0x000000000001f2a8       0xa0 Output/xiaomi-m365-display nrf52832_ssd1306/Obj/ssd1306.o
 .text.nrf_delay_ms
                0x000000000001f348       0x1e Output/xiaomi-m365-display nrf52832_ssd1306/Obj/ssd1306.o
 .text.nrf_gpio_pin_port_decode
                0x000000000001f366        0xe Output/xiaomi-m365-display nrf52832_ssd1306/Obj/ssd1306.o
 .text.nrf_gpio_pin_set
                0x000000000001f374       0x28 Output/xiaomi-m365-display nrf52832_ssd1306/Obj/ssd1306.o
 .text.nrf_gpio_pin_clear
                0x000000000001f39c       0x28 Output/xiaomi-m365-display nrf52832_ssd1306/Obj/ssd1306.o
 .text.nrf_gpio_port_out_set
                0x000000000001f3c4       0x14 Output/xiaomi-m365-display nrf52832_ssd1306/Obj/ssd1306.o
 .text.nrf_gpio_port_out_clear
                0x000000000001f3d8       0x14 Output/xiaomi-m365-display nrf52832_ssd1306/Obj/ssd1306.o
 .text.twi_master_init
                0x000000000001f3ec       0x54 Output/xiaomi-m365-display nrf52832_ssd1306/Obj/ssd1306.o
                0x000000000001f3ec                twi_master_init
 .text.ssd1306_width
                0x000000000001f440       0x10 Output/xiaomi-m365-display nrf52832_ssd1306/Obj/ssd1306.o
                0x000000000001f440                ssd1306_width
 .text.ssd1306_height
                0x000000000001f450       0x10 Output/xiaomi-m365-display nrf52832_ssd1306/Obj/ssd1306.o
                0x000000000001f450                ssd1306_height
 .text.ssd1306_char_width
                0x000000000001f460       0x18 Output/xiaomi-m365-display nrf52832_ssd1306/Obj/ssd1306.o
                0x000000000001f460                ssd1306_char_width
 .text.ssd1306_char_height
                0x000000000001f478       0x10 Output/xiaomi-m365-display nrf52832_ssd1306/Obj/ssd1306.o
                0x000000000001f478                ssd1306_char_height
 .text.ssd1306_init_i2c
                0x000000000001f488       0x2c Output/xiaomi-m365-display nrf52832_ssd1306/Obj/ssd1306.o
                0x000000000001f488                ssd1306_init_i2c
 .text.ssd1306_command
                0x000000000001f4b4       0x4c Output/xiaomi-m365-display nrf52832_ssd1306/Obj/ssd1306.o
                0x000000000001f4b4                ssd1306_command
 .text.ssd1306_begin
                0x000000000001f500      0x1d0 Output/xiaomi-m365-display nrf52832_ssd1306/Obj/ssd1306.o
                0x000000000001f500                ssd1306_begin
 .text.ssd1306_draw_pixel
                0x000000000001f6d0      0x1f0 Output/xiaomi-m365-display nrf52832_ssd1306/Obj/ssd1306.o
                0x000000000001f6d0                ssd1306_draw_pixel
 .text.ssd1306_display
                0x000000000001f8c0       0xe4 Output/xiaomi-m365-display nrf52832_ssd1306/Obj/ssd1306.o
                0x000000000001f8c0                ssd1306_display
 .text.ssd1306_clear_display
                0x000000000001f9a4       0x18 Output/xiaomi-m365-display nrf52832_ssd1306/Obj/ssd1306.o
                0x000000000001f9a4                ssd1306_clear_display
 .text.ssd1306_draw_fast_hline_internal
                0x000000000001f9bc      0x144 Output/xiaomi-m365-display nrf52832_ssd1306/Obj/ssd1306.o
                0x000000000001f9bc                ssd1306_draw_fast_hline_internal
 .text.ssd1306_draw_fast_vline
                0x000000000001fb00      0x158 Output/xiaomi-m365-display nrf52832_ssd1306/Obj/ssd1306.o
                0x000000000001fb00                ssd1306_draw_fast_vline
 .text.ssd1306_draw_fast_vline_internal
                0x000000000001fc58      0x1d0 Output/xiaomi-m365-display nrf52832_ssd1306/Obj/ssd1306.o
                0x000000000001fc58                ssd1306_draw_fast_vline_internal
 .text.ssd1306_draw_line
                0x000000000001fe28      0x1a2 Output/xiaomi-m365-display nrf52832_ssd1306/Obj/ssd1306.o
                0x000000000001fe28                ssd1306_draw_line
 .text.ssd1306_fill_rect
                0x000000000001ffca       0x68 Output/xiaomi-m365-display nrf52832_ssd1306/Obj/ssd1306.o
                0x000000000001ffca                ssd1306_fill_rect
 .text.ssd1306_draw_bitmap
                0x0000000000020032       0xd8 Output/xiaomi-m365-display nrf52832_ssd1306/Obj/ssd1306.o
                0x0000000000020032                ssd1306_draw_bitmap
 *fill*         0x000000000002010a        0x2 
 .text.ssd1306_write
                0x000000000002010c       0xfc Output/xiaomi-m365-display nrf52832_ssd1306/Obj/ssd1306.o
                0x000000000002010c                ssd1306_write
 .text.ssd1306_draw_char
                0x0000000000020208      0x244 Output/xiaomi-m365-display nrf52832_ssd1306/Obj/ssd1306.o
                0x0000000000020208                ssd1306_draw_char
 .text.ssd1306_set_cursor
                0x000000000002044c       0x30 Output/xiaomi-m365-display nrf52832_ssd1306/Obj/ssd1306.o
                0x000000000002044c                ssd1306_set_cursor
 .text.ssd1306_set_textsize
                0x000000000002047c       0x28 Output/xiaomi-m365-display nrf52832_ssd1306/Obj/ssd1306.o
                0x000000000002047c                ssd1306_set_textsize
 .text.ssd1306_set_textcolor
                0x00000000000204a4       0x28 Output/xiaomi-m365-display nrf52832_ssd1306/Obj/ssd1306.o
                0x00000000000204a4                ssd1306_set_textcolor
 .text.ssd1306_putstring
                0x00000000000204cc       0x28 Output/xiaomi-m365-display nrf52832_ssd1306/Obj/ssd1306.o
                0x00000000000204cc                ssd1306_putstring
 .text.ssd1306_printf_length
                0x00000000000204f4       0x26 Output/xiaomi-m365-display nrf52832_ssd1306/Obj/ssd1306.o
                0x00000000000204f4                ssd1306_printf_length
 .text.ssd1306_printf
                0x000000000002051a       0x4e Output/xiaomi-m365-display nrf52832_ssd1306/Obj/ssd1306.o
                0x000000000002051a                ssd1306_printf
 .text.sd_ble_gap_conn_param_update
                0x0000000000020568        0x8 Output/xiaomi-m365-display nrf52832_ssd1306/Obj/ble_module.o
 .text.sd_ble_gap_disconnect
                0x0000000000020570        0x8 Output/xiaomi-m365-display nrf52832_ssd1306/Obj/ble_module.o
 .text.sd_ble_gap_sec_params_reply
                0x0000000000020578        0x8 Output/xiaomi-m365-display nrf52832_ssd1306/Obj/ble_module.o
 .text.sd_ble_gap_scan_start
                0x0000000000020580        0x8 Output/xiaomi-m365-display nrf52832_ssd1306/Obj/ble_module.o
 .text.sd_ble_gap_connect
                0x0000000000020588        0x8 Output/xiaomi-m365-display nrf52832_ssd1306/Obj/ble_module.o
 .text.sd_ble_gatts_exchange_mtu_reply
                0x0000000000020590        0x8 Output/xiaomi-m365-display nrf52832_ssd1306/Obj/ble_module.o
 .text.sd_ble_uuid_decode
                0x0000000000020598        0x8 Output/xiaomi-m365-display nrf52832_ssd1306/Obj/ble_module.o
 .text.nrf_delay_us
                0x00000000000205a0       0xa0 Output/xiaomi-m365-display nrf52832_ssd1306/Obj/ble_module.o
 .text.nrf_delay_ms
                0x0000000000020640       0x1e Output/xiaomi-m365-display nrf52832_ssd1306/Obj/ble_module.o
 *fill*         0x000000000002065e        0x2 
 .text.scan_start
                0x0000000000020660       0x58 Output/xiaomi-m365-display nrf52832_ssd1306/Obj/ble_module.o
                0x0000000000020660                scan_start
 .text.ble_nus_c_evt_handler
                0x00000000000206b8       0xac Output/xiaomi-m365-display nrf52832_ssd1306/Obj/ble_module.o
 .text.is_uuid_present
                0x0000000000020764      0x172 Output/xiaomi-m365-display nrf52832_ssd1306/Obj/ble_module.o
 *fill*         0x00000000000208d6        0x2 
 .text.on_ble_evt
                0x00000000000208d8      0x3b4 Output/xiaomi-m365-display nrf52832_ssd1306/Obj/ble_module.o
 .text.ble_evt_dispatch
                0x0000000000020c8c       0x2c Output/xiaomi-m365-display nrf52832_ssd1306/Obj/ble_module.o
 .text.db_disc_handler
                0x0000000000020cb8       0x28 Output/xiaomi-m365-display nrf52832_ssd1306/Obj/ble_module.o
 .text.db_discovery_init
                0x0000000000020ce0       0x40 Output/xiaomi-m365-display nrf52832_ssd1306/Obj/ble_module.o
 .text.ble_stack_init
                0x0000000000020d20       0xc4 Output/xiaomi-m365-display nrf52832_ssd1306/Obj/ble_module.o
                0x0000000000020d20                ble_stack_init
 .text.nus_c_init
                0x0000000000020de4       0x4c Output/xiaomi-m365-display nrf52832_ssd1306/Obj/ble_module.o
                0x0000000000020de4                nus_c_init
 .text.sd_power_system_off
                0x0000000000020e30        0x8 Output/xiaomi-m365-display nrf52832_ssd1306/Obj/main.o
 .text.sd_app_evt_wait
                0x0000000000020e38        0x8 Output/xiaomi-m365-display nrf52832_ssd1306/Obj/main.o
 .text.nrf_delay_us
                0x0000000000020e40       0xa0 Output/xiaomi-m365-display nrf52832_ssd1306/Obj/main.o
 .text.nrf_delay_ms
                0x0000000000020ee0       0x1e Output/xiaomi-m365-display nrf52832_ssd1306/Obj/main.o
 .text.nrf_gpio_pin_port_decode
                0x0000000000020efe        0xe Output/xiaomi-m365-display nrf52832_ssd1306/Obj/main.o
 .text.nrf_gpio_cfg
                0x0000000000020f0c       0x60 Output/xiaomi-m365-display nrf52832_ssd1306/Obj/main.o
 .text.nrf_gpio_pin_set
                0x0000000000020f6c       0x28 Output/xiaomi-m365-display nrf52832_ssd1306/Obj/main.o
 .text.nrf_gpio_pin_clear
                0x0000000000020f94       0x28 Output/xiaomi-m365-display nrf52832_ssd1306/Obj/main.o
 .text.nrf_gpio_port_out_set
                0x0000000000020fbc       0x14 Output/xiaomi-m365-display nrf52832_ssd1306/Obj/main.o
 .text.nrf_gpio_port_out_clear
                0x0000000000020fd0       0x14 Output/xiaomi-m365-display nrf52832_ssd1306/Obj/main.o
 .text.sleep_mode_enter
                0x0000000000020fe4       0x74 Output/xiaomi-m365-display nrf52832_ssd1306/Obj/main.o
 .text.bsp_event_handler
                0x0000000000021058       0x22 Output/xiaomi-m365-display nrf52832_ssd1306/Obj/main.o
                0x0000000000021058                bsp_event_handler
 *fill*         0x000000000002107a        0x2 
 .text.bsp_configuration
                0x000000000002107c       0x98 Output/xiaomi-m365-display nrf52832_ssd1306/Obj/main.o
                0x000000000002107c                bsp_configuration
 .text.ssd1306_power_on
                0x0000000000021114       0x2c Output/xiaomi-m365-display nrf52832_ssd1306/Obj/main.o
                0x0000000000021114                ssd1306_power_on
 .text.ssd1306_power_off
                0x0000000000021140       0x2c Output/xiaomi-m365-display nrf52832_ssd1306/Obj/main.o
 .text.power_manage
                0x000000000002116c       0x2c Output/xiaomi-m365-display nrf52832_ssd1306/Obj/main.o
 .text.ninebot_data_updated_handler
                0x0000000000021198      0x2dc Output/xiaomi-m365-display nrf52832_ssd1306/Obj/main.o
                0x0000000000021198                ninebot_data_updated_handler
 .text.main     0x0000000000021474       0xfc Output/xiaomi-m365-display nrf52832_ssd1306/Obj/main.o
                0x0000000000021474                main
 .text.ninebot_parse
                0x0000000000021570      0x1e8 Output/xiaomi-m365-display nrf52832_ssd1306/Obj/ninebot.o
                0x0000000000021570                ninebot_parse
 .text.ninebot_create_request
                0x0000000000021758       0xf0 Output/xiaomi-m365-display nrf52832_ssd1306/Obj/ninebot.o
                0x0000000000021758                ninebot_create_request
 .text.ninebot_serialyze
                0x0000000000021848       0xb0 Output/xiaomi-m365-display nrf52832_ssd1306/Obj/ninebot.o
                0x0000000000021848                ninebot_serialyze
 .text.nrf_delay_us
                0x00000000000218f8       0xa0 Output/xiaomi-m365-display nrf52832_ssd1306/Obj/ninebot_module.o
 .text.nrf_delay_ms
                0x0000000000021998       0x1e Output/xiaomi-m365-display nrf52832_ssd1306/Obj/ninebot_module.o
 *fill*         0x00000000000219b6        0x2 
 .text.ninebot_init
                0x00000000000219b8       0x88 Output/xiaomi-m365-display nrf52832_ssd1306/Obj/ninebot_module.o
                0x00000000000219b8                ninebot_init
 .text.ninebot_nus_start_polling
                0x0000000000021a40       0x80 Output/xiaomi-m365-display nrf52832_ssd1306/Obj/ninebot_module.o
                0x0000000000021a40                ninebot_nus_start_polling
 .text.ninebot_nus_received_data
                0x0000000000021ac0       0x38 Output/xiaomi-m365-display nrf52832_ssd1306/Obj/ninebot_module.o
                0x0000000000021ac0                ninebot_nus_received_data
 .text.ninebot_nus_stop_polling
                0x0000000000021af8       0x58 Output/xiaomi-m365-display nrf52832_ssd1306/Obj/ninebot_module.o
                0x0000000000021af8                ninebot_nus_stop_polling
 .text.polling_timer_handler
                0x0000000000021b50       0x40 Output/xiaomi-m365-display nrf52832_ssd1306/Obj/ninebot_module.o
                0x0000000000021b50                polling_timer_handler
 .text.request_speed
                0x0000000000021b90       0xc0 Output/xiaomi-m365-display nrf52832_ssd1306/Obj/ninebot_module.o
                0x0000000000021b90                request_speed
 .text.request_battery_percentage
                0x0000000000021c50       0xb4 Output/xiaomi-m365-display nrf52832_ssd1306/Obj/ninebot_module.o
                0x0000000000021c50                request_battery_percentage
 .text.request_distance_remaining
                0x0000000000021d04       0xb4 Output/xiaomi-m365-display nrf52832_ssd1306/Obj/ninebot_module.o
                0x0000000000021d04                request_distance_remaining
 .text.handle_ninebot_pack
                0x0000000000021db8      0x19c Output/xiaomi-m365-display nrf52832_ssd1306/Obj/ninebot_module.o
                0x0000000000021db8                handle_ninebot_pack
 .text.nrf_gpio_pin_port_decode
                0x0000000000021f54        0xe Output/xiaomi-m365-display nrf52832_ssd1306/Obj/boards.o
 .text.nrf_gpio_cfg
                0x0000000000021f62       0x60 Output/xiaomi-m365-display nrf52832_ssd1306/Obj/boards.o
 .text.nrf_gpio_cfg_output
                0x0000000000021fc2       0x22 Output/xiaomi-m365-display nrf52832_ssd1306/Obj/boards.o
 .text.nrf_gpio_pin_set
                0x0000000000021fe4       0x28 Output/xiaomi-m365-display nrf52832_ssd1306/Obj/boards.o
 .text.nrf_gpio_pin_clear
                0x000000000002200c       0x28 Output/xiaomi-m365-display nrf52832_ssd1306/Obj/boards.o
 .text.nrf_gpio_pin_toggle
                0x0000000000022034       0x44 Output/xiaomi-m365-display nrf52832_ssd1306/Obj/boards.o
 .text.nrf_gpio_pin_write
                0x0000000000022078       0x24 Output/xiaomi-m365-display nrf52832_ssd1306/Obj/boards.o
 .text.nrf_gpio_pin_out_read
                0x000000000002209c       0x2a Output/xiaomi-m365-display nrf52832_ssd1306/Obj/boards.o
 .text.nrf_gpio_port_out_read
                0x00000000000220c6       0x10 Output/xiaomi-m365-display nrf52832_ssd1306/Obj/boards.o
 .text.nrf_gpio_port_out_set
                0x00000000000220d6       0x14 Output/xiaomi-m365-display nrf52832_ssd1306/Obj/boards.o
 .text.nrf_gpio_port_out_clear
                0x00000000000220ea       0x14 Output/xiaomi-m365-display nrf52832_ssd1306/Obj/boards.o
 *fill*         0x00000000000220fe        0x2 
 .text.bsp_board_led_state_get
                0x0000000000022100       0x48 Output/xiaomi-m365-display nrf52832_ssd1306/Obj/boards.o
                0x0000000000022100                bsp_board_led_state_get
 .text.bsp_board_led_on
                0x0000000000022148       0x24 Output/xiaomi-m365-display nrf52832_ssd1306/Obj/boards.o
                0x0000000000022148                bsp_board_led_on
 .text.bsp_board_led_off
                0x000000000002216c       0x24 Output/xiaomi-m365-display nrf52832_ssd1306/Obj/boards.o
                0x000000000002216c                bsp_board_led_off
 .text.bsp_board_leds_off
                0x0000000000022190       0x24 Output/xiaomi-m365-display nrf52832_ssd1306/Obj/boards.o
                0x0000000000022190                bsp_board_leds_off
 .text.bsp_board_leds_on
                0x00000000000221b4       0x24 Output/xiaomi-m365-display nrf52832_ssd1306/Obj/boards.o
                0x00000000000221b4                bsp_board_leds_on
 .text.bsp_board_led_invert
                0x00000000000221d8       0x20 Output/xiaomi-m365-display nrf52832_ssd1306/Obj/boards.o
                0x00000000000221d8                bsp_board_led_invert
 .text.bsp_board_leds_init
                0x00000000000221f8       0x34 Output/xiaomi-m365-display nrf52832_ssd1306/Obj/boards.o
                0x00000000000221f8                bsp_board_leds_init
 .text.bsp_board_pin_to_button_idx
                0x000000000002222c       0x40 Output/xiaomi-m365-display nrf52832_ssd1306/Obj/boards.o
                0x000000000002222c                bsp_board_pin_to_button_idx
 .text.bsp_board_button_idx_to_pin
                0x000000000002226c       0x18 Output/xiaomi-m365-display nrf52832_ssd1306/Obj/boards.o
                0x000000000002226c                bsp_board_button_idx_to_pin
 .text.NVIC_SystemReset
                0x0000000000022284       0x24 Output/xiaomi-m365-display nrf52832_ssd1306/Obj/system_nrf52.o
 .text.SystemCoreClockUpdate
                0x00000000000222a8       0x14 Output/xiaomi-m365-display nrf52832_ssd1306/Obj/system_nrf52.o
                0x00000000000222a8                SystemCoreClockUpdate
 .text.SystemInit
                0x00000000000222bc      0x274 Output/xiaomi-m365-display nrf52832_ssd1306/Obj/system_nrf52.o
                0x00000000000222bc                SystemInit
 .text.errata_16
                0x0000000000022530       0x38 Output/xiaomi-m365-display nrf52832_ssd1306/Obj/system_nrf52.o
 .text.errata_31
                0x0000000000022568       0x58 Output/xiaomi-m365-display nrf52832_ssd1306/Obj/system_nrf52.o
 .text.errata_32
                0x00000000000225c0       0x38 Output/xiaomi-m365-display nrf52832_ssd1306/Obj/system_nrf52.o
 .text.errata_36
                0x00000000000225f8       0x58 Output/xiaomi-m365-display nrf52832_ssd1306/Obj/system_nrf52.o
 .text.errata_37
                0x0000000000022650       0x38 Output/xiaomi-m365-display nrf52832_ssd1306/Obj/system_nrf52.o
 .text.errata_57
                0x0000000000022688       0x38 Output/xiaomi-m365-display nrf52832_ssd1306/Obj/system_nrf52.o
 .text.errata_66
                0x00000000000226c0       0x38 Output/xiaomi-m365-display nrf52832_ssd1306/Obj/system_nrf52.o
 .text.errata_108
                0x00000000000226f8       0x58 Output/xiaomi-m365-display nrf52832_ssd1306/Obj/system_nrf52.o
 .text.NVIC_EnableIRQ
                0x0000000000022750       0x2c Output/xiaomi-m365-display nrf52832_ssd1306/Obj/softdevice_handler.o
 .text.NVIC_DisableIRQ
                0x000000000002277c       0x30 Output/xiaomi-m365-display nrf52832_ssd1306/Obj/softdevice_handler.o
 .text.NVIC_GetPriority
                0x00000000000227ac       0x48 Output/xiaomi-m365-display nrf52832_ssd1306/Obj/softdevice_handler.o
 .text.sd_evt_get
                0x00000000000227f4        0x8 Output/xiaomi-m365-display nrf52832_ssd1306/Obj/softdevice_handler.o
 .text.sd_softdevice_enable
                0x00000000000227fc        0x8 Output/xiaomi-m365-display nrf52832_ssd1306/Obj/softdevice_handler.o
 .text.is_word_aligned
                0x0000000000022804       0x1a Output/xiaomi-m365-display nrf52832_ssd1306/Obj/softdevice_handler.o
 .text.sd_ble_enable
                0x000000000002281e        0x8 Output/xiaomi-m365-display nrf52832_ssd1306/Obj/softdevice_handler.o
 .text.sd_ble_evt_get
                0x0000000000022826        0x8 Output/xiaomi-m365-display nrf52832_ssd1306/Obj/softdevice_handler.o
 *fill*         0x000000000002282e        0x2 
 .text.__sd_nvic_app_accessible_irq
                0x0000000000022830       0x58 Output/xiaomi-m365-display nrf52832_ssd1306/Obj/softdevice_handler.o
 .text.__sd_nvic_is_app_accessible_priority
                0x0000000000022888       0x32 Output/xiaomi-m365-display nrf52832_ssd1306/Obj/softdevice_handler.o
 *fill*         0x00000000000228ba        0x2 
 .text.sd_nvic_EnableIRQ
                0x00000000000228bc       0x88 Output/xiaomi-m365-display nrf52832_ssd1306/Obj/softdevice_handler.o
 .text.nrf_drv_common_irq_enable_check
                0x0000000000022944       0x38 Output/xiaomi-m365-display nrf52832_ssd1306/Obj/softdevice_handler.o
 .text.softdevice_fault_handler
                0x000000000002297c       0x1c Output/xiaomi-m365-display nrf52832_ssd1306/Obj/softdevice_handler.o
                0x000000000002297c                softdevice_fault_handler
 .text.intern_softdevice_events_execute
                0x0000000000022998      0x128 Output/xiaomi-m365-display nrf52832_ssd1306/Obj/softdevice_handler.o
                0x0000000000022998                intern_softdevice_events_execute
 .text.softdevice_handler_is_enabled
                0x0000000000022ac0       0x10 Output/xiaomi-m365-display nrf52832_ssd1306/Obj/softdevice_handler.o
                0x0000000000022ac0                softdevice_handler_is_enabled
 .text.softdevice_handler_init
                0x0000000000022ad0       0xb0 Output/xiaomi-m365-display nrf52832_ssd1306/Obj/softdevice_handler.o
                0x0000000000022ad0                softdevice_handler_init
 .text.softdevice_ble_evt_handler_set
                0x0000000000022b80       0x20 Output/xiaomi-m365-display nrf52832_ssd1306/Obj/softdevice_handler.o
                0x0000000000022b80                softdevice_ble_evt_handler_set
 .text.SWI2_EGU2_IRQHandler
                0x0000000000022ba0       0x40 Output/xiaomi-m365-display nrf52832_ssd1306/Obj/softdevice_handler.o
                0x0000000000022ba0                SWI2_EGU2_IRQHandler
 .text.softdevice_enable_get_default_config
                0x0000000000022be0       0x5a Output/xiaomi-m365-display nrf52832_ssd1306/Obj/softdevice_handler.o
                0x0000000000022be0                softdevice_enable_get_default_config
 .text.ram_total_size_get
                0x0000000000022c3a        0xe Output/xiaomi-m365-display nrf52832_ssd1306/Obj/softdevice_handler.o
 .text.ram_end_address_get
                0x0000000000022c48       0x20 Output/xiaomi-m365-display nrf52832_ssd1306/Obj/softdevice_handler.o
 .text.softdevice_enable
                0x0000000000022c68       0x80 Output/xiaomi-m365-display nrf52832_ssd1306/Obj/softdevice_handler.o
                0x0000000000022c68                softdevice_enable
 .text.nrf_uart_event_clear
                0x0000000000022ce8       0x2a Output/xiaomi-m365-display nrf52832_ssd1306/Obj/nrf_drv_uart.o
 .text.nrf_uart_event_check
                0x0000000000022d12       0x24 Output/xiaomi-m365-display nrf52832_ssd1306/Obj/nrf_drv_uart.o
 .text.nrf_uart_int_enable_check
                0x0000000000022d36       0x20 Output/xiaomi-m365-display nrf52832_ssd1306/Obj/nrf_drv_uart.o
 .text.nrf_uart_int_disable
                0x0000000000022d56       0x14 Output/xiaomi-m365-display nrf52832_ssd1306/Obj/nrf_drv_uart.o
 .text.nrf_uart_errorsrc_get_and_clear
                0x0000000000022d6a       0x1c Output/xiaomi-m365-display nrf52832_ssd1306/Obj/nrf_drv_uart.o
 .text.nrf_uart_rxd_get
                0x0000000000022d86       0x12 Output/xiaomi-m365-display nrf52832_ssd1306/Obj/nrf_drv_uart.o
 .text.nrf_uart_txd_set
                0x0000000000022d98       0x1a Output/xiaomi-m365-display nrf52832_ssd1306/Obj/nrf_drv_uart.o
 .text.nrf_uart_task_trigger
                0x0000000000022db2       0x1c Output/xiaomi-m365-display nrf52832_ssd1306/Obj/nrf_drv_uart.o
 .text.nrf_uarte_event_clear
                0x0000000000022dce       0x2a Output/xiaomi-m365-display nrf52832_ssd1306/Obj/nrf_drv_uart.o
 .text.nrf_uarte_event_check
                0x0000000000022df8       0x24 Output/xiaomi-m365-display nrf52832_ssd1306/Obj/nrf_drv_uart.o
 .text.nrf_uarte_shorts_disable
                0x0000000000022e1c       0x1e Output/xiaomi-m365-display nrf52832_ssd1306/Obj/nrf_drv_uart.o
 .text.nrf_uarte_errorsrc_get_and_clear
                0x0000000000022e3a       0x1c Output/xiaomi-m365-display nrf52832_ssd1306/Obj/nrf_drv_uart.o
 .text.nrf_uarte_tx_amount_get
                0x0000000000022e56       0x10 Output/xiaomi-m365-display nrf52832_ssd1306/Obj/nrf_drv_uart.o
 .text.nrf_uarte_rx_amount_get
                0x0000000000022e66       0x10 Output/xiaomi-m365-display nrf52832_ssd1306/Obj/nrf_drv_uart.o
 .text.tx_byte  0x0000000000022e76       0x46 Output/xiaomi-m365-display nrf52832_ssd1306/Obj/nrf_drv_uart.o
 .text.rx_byte  0x0000000000022ebc       0x54 Output/xiaomi-m365-display nrf52832_ssd1306/Obj/nrf_drv_uart.o
 .text.rx_done_event
                0x0000000000022f10       0x36 Output/xiaomi-m365-display nrf52832_ssd1306/Obj/nrf_drv_uart.o
 .text.tx_done_event
                0x0000000000022f46       0x3c Output/xiaomi-m365-display nrf52832_ssd1306/Obj/nrf_drv_uart.o
 .text.uart_irq_handler
                0x0000000000022f82      0x1d4 Output/xiaomi-m365-display nrf52832_ssd1306/Obj/nrf_drv_uart.o
 .text.uarte_irq_handler
                0x0000000000023156      0x160 Output/xiaomi-m365-display nrf52832_ssd1306/Obj/nrf_drv_uart.o
 *fill*         0x00000000000232b6        0x2 
 .text.UARTE0_UART0_IRQHandler
                0x00000000000232b8       0x28 Output/xiaomi-m365-display nrf52832_ssd1306/Obj/nrf_drv_uart.o
                0x00000000000232b8                UARTE0_UART0_IRQHandler
 .text.nrf_twi_task_trigger
                0x00000000000232e0       0x1c Output/xiaomi-m365-display nrf52832_ssd1306/Obj/nrf_drv_twi.o
 .text.nrf_twi_event_clear
                0x00000000000232fc       0x2a Output/xiaomi-m365-display nrf52832_ssd1306/Obj/nrf_drv_twi.o
 .text.nrf_twi_event_check
                0x0000000000023326       0x24 Output/xiaomi-m365-display nrf52832_ssd1306/Obj/nrf_drv_twi.o
 .text.nrf_twi_int_enable
                0x000000000002334a       0x14 Output/xiaomi-m365-display nrf52832_ssd1306/Obj/nrf_drv_twi.o
 .text.nrf_twi_int_disable
                0x000000000002335e       0x14 Output/xiaomi-m365-display nrf52832_ssd1306/Obj/nrf_drv_twi.o
 .text.nrf_twi_enable
                0x0000000000023372       0x12 Output/xiaomi-m365-display nrf52832_ssd1306/Obj/nrf_drv_twi.o
 .text.nrf_twi_pins_set
                0x0000000000023384       0x1e Output/xiaomi-m365-display nrf52832_ssd1306/Obj/nrf_drv_twi.o
 .text.nrf_twi_frequency_set
                0x00000000000233a2       0x14 Output/xiaomi-m365-display nrf52832_ssd1306/Obj/nrf_drv_twi.o
 .text.nrf_twi_errorsrc_get_and_clear
                0x00000000000233b6       0x1c Output/xiaomi-m365-display nrf52832_ssd1306/Obj/nrf_drv_twi.o
 .text.nrf_twi_address_set
                0x00000000000233d2       0x1a Output/xiaomi-m365-display nrf52832_ssd1306/Obj/nrf_drv_twi.o
 .text.nrf_twi_rxd_get
                0x00000000000233ec       0x12 Output/xiaomi-m365-display nrf52832_ssd1306/Obj/nrf_drv_twi.o
 .text.nrf_twi_txd_set
                0x00000000000233fe       0x1a Output/xiaomi-m365-display nrf52832_ssd1306/Obj/nrf_drv_twi.o
 .text.nrf_twi_shorts_set
                0x0000000000023418       0x14 Output/xiaomi-m365-display nrf52832_ssd1306/Obj/nrf_drv_twi.o
 .text.nrf_drv_get_IRQn
                0x000000000002342c       0x16 Output/xiaomi-m365-display nrf52832_ssd1306/Obj/nrf_drv_twi.o
 .text.nrf_gpio_pin_port_decode
                0x0000000000023442        0xe Output/xiaomi-m365-display nrf52832_ssd1306/Obj/nrf_drv_twi.o
 .text.nrf_gpio_pin_set
                0x0000000000023450       0x28 Output/xiaomi-m365-display nrf52832_ssd1306/Obj/nrf_drv_twi.o
 .text.nrf_gpio_pin_clear
                0x0000000000023478       0x28 Output/xiaomi-m365-display nrf52832_ssd1306/Obj/nrf_drv_twi.o
 .text.nrf_gpio_pin_read
                0x00000000000234a0       0x2a Output/xiaomi-m365-display nrf52832_ssd1306/Obj/nrf_drv_twi.o
 .text.nrf_gpio_port_in_read
                0x00000000000234ca       0x10 Output/xiaomi-m365-display nrf52832_ssd1306/Obj/nrf_drv_twi.o
 .text.nrf_gpio_port_out_set
                0x00000000000234da       0x14 Output/xiaomi-m365-display nrf52832_ssd1306/Obj/nrf_drv_twi.o
 .text.nrf_gpio_port_out_clear
                0x00000000000234ee       0x14 Output/xiaomi-m365-display nrf52832_ssd1306/Obj/nrf_drv_twi.o
 *fill*         0x0000000000023502        0x2 
 .text.nrf_delay_us
                0x0000000000023504       0xa0 Output/xiaomi-m365-display nrf52832_ssd1306/Obj/nrf_drv_twi.o
 .text.twi_process_error
                0x00000000000235a4       0x40 Output/xiaomi-m365-display nrf52832_ssd1306/Obj/nrf_drv_twi.o
 .text.twi_clear_bus
                0x00000000000235e4       0xde Output/xiaomi-m365-display nrf52832_ssd1306/Obj/nrf_drv_twi.o
 *fill*         0x00000000000236c2        0x2 
 .text.nrf_drv_twi_init
                0x00000000000236c4       0xf4 Output/xiaomi-m365-display nrf52832_ssd1306/Obj/nrf_drv_twi.o
                0x00000000000236c4                nrf_drv_twi_init
 .text.nrf_drv_twi_enable
                0x00000000000237b8       0x3c Output/xiaomi-m365-display nrf52832_ssd1306/Obj/nrf_drv_twi.o
                0x00000000000237b8                nrf_drv_twi_enable
 .text.twi_send_byte
                0x00000000000237f4       0x64 Output/xiaomi-m365-display nrf52832_ssd1306/Obj/nrf_drv_twi.o
 .text.twi_receive_byte
                0x0000000000023858       0x72 Output/xiaomi-m365-display nrf52832_ssd1306/Obj/nrf_drv_twi.o
 .text.twi_transfer
                0x00000000000238ca      0x172 Output/xiaomi-m365-display nrf52832_ssd1306/Obj/nrf_drv_twi.o
 .text.twi_tx_start_transfer
                0x0000000000023a3c       0xec Output/xiaomi-m365-display nrf52832_ssd1306/Obj/nrf_drv_twi.o
 .text.twi_rx_start_transfer
                0x0000000000023b28       0xe2 Output/xiaomi-m365-display nrf52832_ssd1306/Obj/nrf_drv_twi.o
 .text.twi_xfer
                0x0000000000023c0a      0x110 Output/xiaomi-m365-display nrf52832_ssd1306/Obj/nrf_drv_twi.o
 *fill*         0x0000000000023d1a        0x2 
 .text.nrf_drv_twi_xfer
                0x0000000000023d1c       0x54 Output/xiaomi-m365-display nrf52832_ssd1306/Obj/nrf_drv_twi.o
                0x0000000000023d1c                nrf_drv_twi_xfer
 .text.nrf_drv_twi_tx
                0x0000000000023d70       0x56 Output/xiaomi-m365-display nrf52832_ssd1306/Obj/nrf_drv_twi.o
                0x0000000000023d70                nrf_drv_twi_tx
 .text.irq_handler_twi
                0x0000000000023dc6      0x13a Output/xiaomi-m365-display nrf52832_ssd1306/Obj/nrf_drv_twi.o
 .text.SPIM1_SPIS1_TWIM1_TWIS1_SPI1_TWI1_IRQHandler
                0x0000000000023f00       0x14 Output/xiaomi-m365-display nrf52832_ssd1306/Obj/nrf_drv_twi.o
                0x0000000000023f00                SPIM1_SPIS1_TWIM1_TWIS1_SPI1_TWI1_IRQHandler
 .text.NVIC_EnableIRQ
                0x0000000000023f14       0x2c Output/xiaomi-m365-display nrf52832_ssd1306/Obj/nrf_drv_common.o
 .text.NVIC_ClearPendingIRQ
                0x0000000000023f40       0x30 Output/xiaomi-m365-display nrf52832_ssd1306/Obj/nrf_drv_common.o
 .text.NVIC_SetPriority
                0x0000000000023f70       0x50 Output/xiaomi-m365-display nrf52832_ssd1306/Obj/nrf_drv_common.o
 .text.nrf_drv_common_irq_enable
                0x0000000000023fc0       0x3e Output/xiaomi-m365-display nrf52832_ssd1306/Obj/nrf_drv_common.o
                0x0000000000023fc0                nrf_drv_common_irq_enable
 .text.nrf_gpiote_event_is_set
                0x0000000000023ffe       0x2a Output/xiaomi-m365-display nrf52832_ssd1306/Obj/nrf_drv_gpiote.o
 .text.nrf_gpiote_event_clear
                0x0000000000024028       0x36 Output/xiaomi-m365-display nrf52832_ssd1306/Obj/nrf_drv_gpiote.o
 .text.nrf_gpiote_event_addr_get
                0x000000000002405e       0x1a Output/xiaomi-m365-display nrf52832_ssd1306/Obj/nrf_drv_gpiote.o
 .text.nrf_gpiote_int_enable
                0x0000000000024078       0x18 Output/xiaomi-m365-display nrf52832_ssd1306/Obj/nrf_drv_gpiote.o
 .text.nrf_gpiote_int_is_enabled
                0x0000000000024090       0x18 Output/xiaomi-m365-display nrf52832_ssd1306/Obj/nrf_drv_gpiote.o
 .text.nrf_gpiote_event_enable
                0x00000000000240a8       0x2c Output/xiaomi-m365-display nrf52832_ssd1306/Obj/nrf_drv_gpiote.o
 .text.nrf_gpiote_event_configure
                0x00000000000240d4       0x64 Output/xiaomi-m365-display nrf52832_ssd1306/Obj/nrf_drv_gpiote.o
 .text.nrf_gpiote_event_pin_get
                0x0000000000024138       0x20 Output/xiaomi-m365-display nrf52832_ssd1306/Obj/nrf_drv_gpiote.o
 .text.nrf_gpiote_event_polarity_get
                0x0000000000024158       0x24 Output/xiaomi-m365-display nrf52832_ssd1306/Obj/nrf_drv_gpiote.o
 .text.nrf_gpio_pin_port_decode
                0x000000000002417c        0xe Output/xiaomi-m365-display nrf52832_ssd1306/Obj/nrf_drv_gpiote.o
 .text.nrf_gpio_cfg
                0x000000000002418a       0x60 Output/xiaomi-m365-display nrf52832_ssd1306/Obj/nrf_drv_gpiote.o
 .text.nrf_gpio_cfg_input
                0x00000000000241ea       0x2c Output/xiaomi-m365-display nrf52832_ssd1306/Obj/nrf_drv_gpiote.o
 .text.nrf_gpio_cfg_watcher
                0x0000000000024216       0x38 Output/xiaomi-m365-display nrf52832_ssd1306/Obj/nrf_drv_gpiote.o
 .text.nrf_gpio_cfg_sense_set
                0x000000000002424e       0x5a Output/xiaomi-m365-display nrf52832_ssd1306/Obj/nrf_drv_gpiote.o
 .text.nrf_gpio_pin_read
                0x00000000000242a8       0x2a Output/xiaomi-m365-display nrf52832_ssd1306/Obj/nrf_drv_gpiote.o
 .text.nrf_gpio_pin_sense_get
                0x00000000000242d2       0x2c Output/xiaomi-m365-display nrf52832_ssd1306/Obj/nrf_drv_gpiote.o
 .text.nrf_gpio_port_in_read
                0x00000000000242fe       0x10 Output/xiaomi-m365-display nrf52832_ssd1306/Obj/nrf_drv_gpiote.o
 .text.nrf_gpio_ports_read
                0x000000000002430e       0x4e Output/xiaomi-m365-display nrf52832_ssd1306/Obj/nrf_drv_gpiote.o
 .text.nrf_bitmask_bit_is_set
                0x000000000002435c       0x30 Output/xiaomi-m365-display nrf52832_ssd1306/Obj/nrf_drv_gpiote.o
 .text.nrf_bitmask_bit_set
                0x000000000002438c       0x40 Output/xiaomi-m365-display nrf52832_ssd1306/Obj/nrf_drv_gpiote.o
 .text.pin_in_use_by_te
                0x00000000000243cc       0x3c Output/xiaomi-m365-display nrf52832_ssd1306/Obj/nrf_drv_gpiote.o
 .text.pin_in_use_by_port
                0x0000000000024408       0x24 Output/xiaomi-m365-display nrf52832_ssd1306/Obj/nrf_drv_gpiote.o
 .text.pin_in_use_by_gpiote
                0x000000000002442c       0x24 Output/xiaomi-m365-display nrf52832_ssd1306/Obj/nrf_drv_gpiote.o
 .text.pin_in_use_by_te_set
                0x0000000000024450       0x50 Output/xiaomi-m365-display nrf52832_ssd1306/Obj/nrf_drv_gpiote.o
 .text.pin_in_use_clear
                0x00000000000244a0       0x1c Output/xiaomi-m365-display nrf52832_ssd1306/Obj/nrf_drv_gpiote.o
 .text.channel_port_get
                0x00000000000244bc       0x1c Output/xiaomi-m365-display nrf52832_ssd1306/Obj/nrf_drv_gpiote.o
 .text.channel_handler_get
                0x00000000000244d8       0x18 Output/xiaomi-m365-display nrf52832_ssd1306/Obj/nrf_drv_gpiote.o
 .text.channel_port_alloc
                0x00000000000244f0       0x7c Output/xiaomi-m365-display nrf52832_ssd1306/Obj/nrf_drv_gpiote.o
 .text.channel_free
                0x000000000002456c       0x38 Output/xiaomi-m365-display nrf52832_ssd1306/Obj/nrf_drv_gpiote.o
 .text.nrf_drv_gpiote_init
                0x00000000000245a4       0xc8 Output/xiaomi-m365-display nrf52832_ssd1306/Obj/nrf_drv_gpiote.o
                0x00000000000245a4                nrf_drv_gpiote_init
 .text.nrf_drv_gpiote_is_init
                0x000000000002466c       0x18 Output/xiaomi-m365-display nrf52832_ssd1306/Obj/nrf_drv_gpiote.o
                0x000000000002466c                nrf_drv_gpiote_is_init
 .text.nrf_drv_gpiote_in_init
                0x0000000000024684       0xd4 Output/xiaomi-m365-display nrf52832_ssd1306/Obj/nrf_drv_gpiote.o
                0x0000000000024684                nrf_drv_gpiote_in_init
 .text.nrf_drv_gpiote_in_event_enable
                0x0000000000024758       0xe8 Output/xiaomi-m365-display nrf52832_ssd1306/Obj/nrf_drv_gpiote.o
                0x0000000000024758                nrf_drv_gpiote_in_event_enable
 .text.nrf_drv_gpiote_in_is_set
                0x0000000000024840       0x20 Output/xiaomi-m365-display nrf52832_ssd1306/Obj/nrf_drv_gpiote.o
                0x0000000000024840                nrf_drv_gpiote_in_is_set
 .text.GPIOTE_IRQHandler
                0x0000000000024860      0x2e0 Output/xiaomi-m365-display nrf52832_ssd1306/Obj/nrf_drv_gpiote.o
                0x0000000000024860                GPIOTE_IRQHandler
 .text.nrf_clock_int_disable
                0x0000000000024b40       0x14 Output/xiaomi-m365-display nrf52832_ssd1306/Obj/nrf_drv_clock.o
 .text.nrf_clock_event_clear
                0x0000000000024b54       0x28 Output/xiaomi-m365-display nrf52832_ssd1306/Obj/nrf_drv_clock.o
 .text.nrf_clock_event_check
                0x0000000000024b7c       0x22 Output/xiaomi-m365-display nrf52832_ssd1306/Obj/nrf_drv_clock.o
 .text.nrf_clock_lf_src_set
                0x0000000000024b9e       0x1e Output/xiaomi-m365-display nrf52832_ssd1306/Obj/nrf_drv_clock.o
 .text.nrf_drv_common_irq_enable_check
                0x0000000000024bbc       0x38 Output/xiaomi-m365-display nrf52832_ssd1306/Obj/nrf_drv_clock.o
 .text.nrf_drv_common_power_clock_irq_init
                0x0000000000024bf4       0x20 Output/xiaomi-m365-display nrf52832_ssd1306/Obj/nrf_drv_clock.o
 .text.nrf_drv_clock_init
                0x0000000000024c14       0x5c Output/xiaomi-m365-display nrf52832_ssd1306/Obj/nrf_drv_clock.o
                0x0000000000024c14                nrf_drv_clock_init
 .text.item_dequeue
                0x0000000000024c70       0x20 Output/xiaomi-m365-display nrf52832_ssd1306/Obj/nrf_drv_clock.o
 .text.clock_clk_started_notify
                0x0000000000024c90       0x4c Output/xiaomi-m365-display nrf52832_ssd1306/Obj/nrf_drv_clock.o
 .text.POWER_CLOCK_IRQHandler
                0x0000000000024cdc       0x5c Output/xiaomi-m365-display nrf52832_ssd1306/Obj/nrf_drv_clock.o
                0x0000000000024cdc                POWER_CLOCK_IRQHandler
 .text.nrf_drv_clock_on_soc_event
                0x0000000000024d38       0x1a Output/xiaomi-m365-display nrf52832_ssd1306/Obj/nrf_drv_clock.o
                0x0000000000024d38                nrf_drv_clock_on_soc_event
 *fill*         0x0000000000024d52        0x2 
 .text.nrf_drv_clock_on_sd_enable
                0x0000000000024d54       0x4c Output/xiaomi-m365-display nrf52832_ssd1306/Obj/nrf_drv_clock.o
                0x0000000000024d54                nrf_drv_clock_on_sd_enable
 .text.detection_delay_timeout_handler
                0x0000000000024da0       0xd8 Output/xiaomi-m365-display nrf52832_ssd1306/Obj/app_button.o
 .text.gpiote_event_handler
                0x0000000000024e78       0xa0 Output/xiaomi-m365-display nrf52832_ssd1306/Obj/app_button.o
 .text.app_button_init
                0x0000000000024f18       0xe4 Output/xiaomi-m365-display nrf52832_ssd1306/Obj/app_button.o
                0x0000000000024f18                app_button_init
 .text.app_button_enable
                0x0000000000024ffc       0x44 Output/xiaomi-m365-display nrf52832_ssd1306/Obj/app_button.o
                0x0000000000024ffc                app_button_enable
 .text.app_error_handler
                0x0000000000025040       0x30 Output/xiaomi-m365-display nrf52832_ssd1306/Obj/app_error.o
                0x0000000000025040                app_error_handler
 .text.app_error_save_and_stop
                0x0000000000025070       0x98 Output/xiaomi-m365-display nrf52832_ssd1306/Obj/app_error.o
                0x0000000000025070                app_error_save_and_stop
 .text.NVIC_EnableIRQ
                0x0000000000025108       0x2c Output/xiaomi-m365-display nrf52832_ssd1306/Obj/app_timer.o
 .text.NVIC_DisableIRQ
                0x0000000000025134       0x30 Output/xiaomi-m365-display nrf52832_ssd1306/Obj/app_timer.o
 .text.NVIC_SetPendingIRQ
                0x0000000000025164       0x30 Output/xiaomi-m365-display nrf52832_ssd1306/Obj/app_timer.o
 .text.NVIC_ClearPendingIRQ
                0x0000000000025194       0x30 Output/xiaomi-m365-display nrf52832_ssd1306/Obj/app_timer.o
 .text.NVIC_SetPriority
                0x00000000000251c4       0x50 Output/xiaomi-m365-display nrf52832_ssd1306/Obj/app_timer.o
 .text.is_word_aligned
                0x0000000000025214       0x1a Output/xiaomi-m365-display nrf52832_ssd1306/Obj/app_timer.o
 *fill*         0x000000000002522e        0x2 
 .text.nrf_delay_us
                0x0000000000025230       0xa0 Output/xiaomi-m365-display nrf52832_ssd1306/Obj/app_timer.o
 .text.rtc1_init
                0x00000000000252d0       0x24 Output/xiaomi-m365-display nrf52832_ssd1306/Obj/app_timer.o
 .text.rtc1_start
                0x00000000000252f4       0x40 Output/xiaomi-m365-display nrf52832_ssd1306/Obj/app_timer.o
 .text.rtc1_stop
                0x0000000000025334       0x50 Output/xiaomi-m365-display nrf52832_ssd1306/Obj/app_timer.o
 .text.rtc1_counter_get
                0x0000000000025384       0x10 Output/xiaomi-m365-display nrf52832_ssd1306/Obj/app_timer.o
 .text.ticks_diff_get
                0x0000000000025394       0x16 Output/xiaomi-m365-display nrf52832_ssd1306/Obj/app_timer.o
 *fill*         0x00000000000253aa        0x2 
 .text.rtc1_compare0_set
                0x00000000000253ac       0x18 Output/xiaomi-m365-display nrf52832_ssd1306/Obj/app_timer.o
 .text.timer_list_insert
                0x00000000000253c4       0xac Output/xiaomi-m365-display nrf52832_ssd1306/Obj/app_timer.o
 .text.timer_list_remove
                0x0000000000025470       0x9c Output/xiaomi-m365-display nrf52832_ssd1306/Obj/app_timer.o
 .text.timer_timeouts_check_sched
                0x000000000002550c        0xc Output/xiaomi-m365-display nrf52832_ssd1306/Obj/app_timer.o
 .text.timer_list_handler_sched
                0x0000000000025518        0xc Output/xiaomi-m365-display nrf52832_ssd1306/Obj/app_timer.o
 .text.timeout_handler_exec
                0x0000000000025524       0x54 Output/xiaomi-m365-display nrf52832_ssd1306/Obj/app_timer.o
 .text.timer_timeouts_check
                0x0000000000025578       0xc8 Output/xiaomi-m365-display nrf52832_ssd1306/Obj/app_timer.o
 .text.elapsed_ticks_acquire
                0x0000000000025640       0x78 Output/xiaomi-m365-display nrf52832_ssd1306/Obj/app_timer.o
 .text.list_deletions_handler
                0x00000000000256b8       0xac Output/xiaomi-m365-display nrf52832_ssd1306/Obj/app_timer.o
 .text.expired_timers_handler
                0x0000000000025764       0x94 Output/xiaomi-m365-display nrf52832_ssd1306/Obj/app_timer.o
 .text.list_insertions_handler
                0x00000000000257f8      0x15c Output/xiaomi-m365-display nrf52832_ssd1306/Obj/app_timer.o
 .text.compare_reg_update
                0x0000000000025954       0xb0 Output/xiaomi-m365-display nrf52832_ssd1306/Obj/app_timer.o
 .text.timer_list_handler
                0x0000000000025a04       0x84 Output/xiaomi-m365-display nrf52832_ssd1306/Obj/app_timer.o
 .text.user_op_enque
                0x0000000000025a88       0x1c Output/xiaomi-m365-display nrf52832_ssd1306/Obj/app_timer.o
 .text.user_op_alloc
                0x0000000000025aa4       0x5c Output/xiaomi-m365-display nrf52832_ssd1306/Obj/app_timer.o
 .text.timer_start_op_schedule
                0x0000000000025b00       0x88 Output/xiaomi-m365-display nrf52832_ssd1306/Obj/app_timer.o
 .text.timer_stop_op_schedule
                0x0000000000025b88       0x6e Output/xiaomi-m365-display nrf52832_ssd1306/Obj/app_timer.o
 *fill*         0x0000000000025bf6        0x2 
 .text.RTC1_IRQHandler
                0x0000000000025bf8       0x40 Output/xiaomi-m365-display nrf52832_ssd1306/Obj/app_timer.o
                0x0000000000025bf8                RTC1_IRQHandler
 .text.SWI0_EGU0_IRQHandler
                0x0000000000025c38        0xa Output/xiaomi-m365-display nrf52832_ssd1306/Obj/app_timer.o
                0x0000000000025c38                SWI0_EGU0_IRQHandler
 *fill*         0x0000000000025c42        0x2 
 .text.app_timer_init
                0x0000000000025c44       0xac Output/xiaomi-m365-display nrf52832_ssd1306/Obj/app_timer.o
                0x0000000000025c44                app_timer_init
 .text.app_timer_create
                0x0000000000025cf0       0x60 Output/xiaomi-m365-display nrf52832_ssd1306/Obj/app_timer.o
                0x0000000000025cf0                app_timer_create
 .text.app_timer_start
                0x0000000000025d50       0x64 Output/xiaomi-m365-display nrf52832_ssd1306/Obj/app_timer.o
                0x0000000000025d50                app_timer_start
 .text.app_timer_stop
                0x0000000000025db4       0x44 Output/xiaomi-m365-display nrf52832_ssd1306/Obj/app_timer.o
                0x0000000000025db4                app_timer_stop
 .text.__sd_nvic_irq_disable
                0x0000000000025df8       0x16 Output/xiaomi-m365-display nrf52832_ssd1306/Obj/app_util_platform.o
 .text.__sd_nvic_irq_enable
                0x0000000000025e0e        0x6 Output/xiaomi-m365-display nrf52832_ssd1306/Obj/app_util_platform.o
 .text.sd_nvic_critical_region_enter
                0x0000000000025e14       0x74 Output/xiaomi-m365-display nrf52832_ssd1306/Obj/app_util_platform.o
 .text.sd_nvic_critical_region_exit
                0x0000000000025e88       0x54 Output/xiaomi-m365-display nrf52832_ssd1306/Obj/app_util_platform.o
 .text.app_util_critical_region_enter
                0x0000000000025edc       0x14 Output/xiaomi-m365-display nrf52832_ssd1306/Obj/app_util_platform.o
                0x0000000000025edc                app_util_critical_region_enter
 .text.app_util_critical_region_exit
                0x0000000000025ef0       0x1c Output/xiaomi-m365-display nrf52832_ssd1306/Obj/app_util_platform.o
                0x0000000000025ef0                app_util_critical_region_exit
 .text.nrf_log_backend_init
                0x0000000000025f0c       0x48 Output/xiaomi-m365-display nrf52832_ssd1306/Obj/nrf_log_backend_serial.o
                0x0000000000025f0c                nrf_log_backend_init
 .text.serial_is_busy
                0x0000000000025f54       0x12 Output/xiaomi-m365-display nrf52832_ssd1306/Obj/nrf_log_backend_serial.o
 .text.serial_tx
                0x0000000000025f66       0x64 Output/xiaomi-m365-display nrf52832_ssd1306/Obj/nrf_log_backend_serial.o
 .text.buf_len_update
                0x0000000000025fca       0x30 Output/xiaomi-m365-display nrf52832_ssd1306/Obj/nrf_log_backend_serial.o
 *fill*         0x0000000000025ffa        0x2 
 .text.timestamp_process
                0x0000000000025ffc       0x58 Output/xiaomi-m365-display nrf52832_ssd1306/Obj/nrf_log_backend_serial.o
 .text.nrf_log_backend_serial_std_handler
                0x0000000000026054      0x274 Output/xiaomi-m365-display nrf52832_ssd1306/Obj/nrf_log_backend_serial.o
 .text.byte2hex
                0x00000000000262c8       0x5c Output/xiaomi-m365-display nrf52832_ssd1306/Obj/nrf_log_backend_serial.o
 .text.nrf_log_backend_serial_hexdump_handler
                0x0000000000026324      0x20a Output/xiaomi-m365-display nrf52832_ssd1306/Obj/nrf_log_backend_serial.o
 *fill*         0x000000000002652e        0x2 
 .text.nrf_log_backend_std_handler_get
                0x0000000000026530        0xc Output/xiaomi-m365-display nrf52832_ssd1306/Obj/nrf_log_backend_serial.o
                0x0000000000026530                nrf_log_backend_std_handler_get
 .text.nrf_log_backend_hexdump_handler_get
                0x000000000002653c        0xc Output/xiaomi-m365-display nrf52832_ssd1306/Obj/nrf_log_backend_serial.o
                0x000000000002653c                nrf_log_backend_hexdump_handler_get
 .text.nrf_log_init
                0x0000000000026548       0x32 Output/xiaomi-m365-display nrf52832_ssd1306/Obj/nrf_log_frontend.o
                0x0000000000026548                nrf_log_init
 .text.nrf_log_frontend_init
                0x000000000002657a       0x1a Output/xiaomi-m365-display nrf52832_ssd1306/Obj/nrf_log_frontend.o
                0x000000000002657a                nrf_log_frontend_init
 .text.nrf_log_handlers_set
                0x0000000000026594       0x1c Output/xiaomi-m365-display nrf52832_ssd1306/Obj/nrf_log_frontend.o
                0x0000000000026594                nrf_log_handlers_set
 .text.nrf_log_direct_feed
                0x00000000000265b0       0x38 Output/xiaomi-m365-display nrf52832_ssd1306/Obj/nrf_log_frontend.o
 .text.nrf_log_frontend_std_0
                0x00000000000265e8       0x22 Output/xiaomi-m365-display nrf52832_ssd1306/Obj/nrf_log_frontend.o
                0x00000000000265e8                nrf_log_frontend_std_0
 .text.nrf_log_frontend_std_1
                0x000000000002660a       0x28 Output/xiaomi-m365-display nrf52832_ssd1306/Obj/nrf_log_frontend.o
                0x000000000002660a                nrf_log_frontend_std_1
 .text.nrf_log_frontend_std_2
                0x0000000000026632       0x2e Output/xiaomi-m365-display nrf52832_ssd1306/Obj/nrf_log_frontend.o
                0x0000000000026632                nrf_log_frontend_std_2
 .text.nrf_log_frontend_hexdump
                0x0000000000026660       0x58 Output/xiaomi-m365-display nrf52832_ssd1306/Obj/nrf_log_frontend.o
                0x0000000000026660                nrf_log_frontend_hexdump
 .text.app_error_fault_handler
                0x00000000000266b8       0x28 Output/xiaomi-m365-display nrf52832_ssd1306/Obj/app_error_weak.o
                0x00000000000266b8                app_error_fault_handler
 .text._DoInit  0x00000000000266e0       0x9c Output/xiaomi-m365-display nrf52832_ssd1306/Obj/SEGGER_RTT.o
 .text._WriteBlocking
                0x000000000002677c       0xb2 Output/xiaomi-m365-display nrf52832_ssd1306/Obj/SEGGER_RTT.o
 .text._WriteNoCheck
                0x000000000002682e       0x7e Output/xiaomi-m365-display nrf52832_ssd1306/Obj/SEGGER_RTT.o
 .text._GetAvailWriteSpace
                0x00000000000268ac       0x3c Output/xiaomi-m365-display nrf52832_ssd1306/Obj/SEGGER_RTT.o
 .text.SEGGER_RTT_WriteNoLock
                0x00000000000268e8       0x9c Output/xiaomi-m365-display nrf52832_ssd1306/Obj/SEGGER_RTT.o
                0x00000000000268e8                SEGGER_RTT_WriteNoLock
 .text.SEGGER_RTT_Init
                0x0000000000026984       0x18 Output/xiaomi-m365-display nrf52832_ssd1306/Obj/SEGGER_RTT.o
                0x0000000000026984                SEGGER_RTT_Init
 .text.nrf_gpio_pin_port_decode
                0x000000000002699c        0xe Output/xiaomi-m365-display nrf52832_ssd1306/Obj/bsp.o
 .text.nrf_gpio_cfg_sense_set
                0x00000000000269aa       0x5a Output/xiaomi-m365-display nrf52832_ssd1306/Obj/bsp.o
 .text.bsp_button_event_handler
                0x0000000000026a04      0x138 Output/xiaomi-m365-display nrf52832_ssd1306/Obj/bsp.o
 .text.button_timer_handler
                0x0000000000026b3c       0x1a Output/xiaomi-m365-display nrf52832_ssd1306/Obj/bsp.o
 *fill*         0x0000000000026b56        0x2 
 .text.bsp_led_indication
                0x0000000000026b58      0x3d0 Output/xiaomi-m365-display nrf52832_ssd1306/Obj/bsp.o
 .text.leds_timer_handler
                0x0000000000026f28       0x2c Output/xiaomi-m365-display nrf52832_ssd1306/Obj/bsp.o
 .text.alert_timer_handler
                0x0000000000026f54       0x14 Output/xiaomi-m365-display nrf52832_ssd1306/Obj/bsp.o
 .text.bsp_indication_set
                0x0000000000026f68       0x34 Output/xiaomi-m365-display nrf52832_ssd1306/Obj/bsp.o
                0x0000000000026f68                bsp_indication_set
 .text.bsp_init
                0x0000000000026f9c       0xe8 Output/xiaomi-m365-display nrf52832_ssd1306/Obj/bsp.o
                0x0000000000026f9c                bsp_init
 .text.bsp_event_to_button_action_assign
                0x0000000000027084       0xa4 Output/xiaomi-m365-display nrf52832_ssd1306/Obj/bsp.o
                0x0000000000027084                bsp_event_to_button_action_assign
 .text.bsp_wakeup_button_enable
                0x0000000000027128       0x20 Output/xiaomi-m365-display nrf52832_ssd1306/Obj/bsp.o
                0x0000000000027128                bsp_wakeup_button_enable
 .text.sd_ble_gattc_primary_services_discover
                0x0000000000027148        0x8 Output/xiaomi-m365-display nrf52832_ssd1306/Obj/ble_db_discovery.o
 .text.sd_ble_gattc_characteristics_discover
                0x0000000000027150        0x8 Output/xiaomi-m365-display nrf52832_ssd1306/Obj/ble_db_discovery.o
 .text.sd_ble_gattc_descriptors_discover
                0x0000000000027158        0x8 Output/xiaomi-m365-display nrf52832_ssd1306/Obj/ble_db_discovery.o
 .text.registered_handler_get
                0x0000000000027160       0x58 Output/xiaomi-m365-display nrf52832_ssd1306/Obj/ble_db_discovery.o
 .text.registered_handler_set
                0x00000000000271b8       0x54 Output/xiaomi-m365-display nrf52832_ssd1306/Obj/ble_db_discovery.o
 .text.pending_user_evts_send
                0x000000000002720c       0x58 Output/xiaomi-m365-display nrf52832_ssd1306/Obj/ble_db_discovery.o
 .text.discovery_error_evt_trigger
                0x0000000000027264       0x54 Output/xiaomi-m365-display nrf52832_ssd1306/Obj/ble_db_discovery.o
 .text.discovery_complete_evt_trigger
                0x00000000000272b8       0xe0 Output/xiaomi-m365-display nrf52832_ssd1306/Obj/ble_db_discovery.o
 .text.on_srv_disc_completion
                0x0000000000027398       0xec Output/xiaomi-m365-display nrf52832_ssd1306/Obj/ble_db_discovery.o
 .text.is_char_discovery_reqd
                0x0000000000027484       0x30 Output/xiaomi-m365-display nrf52832_ssd1306/Obj/ble_db_discovery.o
 .text.is_desc_discovery_reqd
                0x00000000000274b4       0x8e Output/xiaomi-m365-display nrf52832_ssd1306/Obj/ble_db_discovery.o
 .text.characteristics_discover
                0x0000000000027542       0x96 Output/xiaomi-m365-display nrf52832_ssd1306/Obj/ble_db_discovery.o
 .text.descriptors_discover
                0x00000000000275d8      0x118 Output/xiaomi-m365-display nrf52832_ssd1306/Obj/ble_db_discovery.o
 .text.on_primary_srv_discovery_rsp
                0x00000000000276f0       0xd4 Output/xiaomi-m365-display nrf52832_ssd1306/Obj/ble_db_discovery.o
 .text.on_characteristic_discovery_rsp
                0x00000000000277c4      0x234 Output/xiaomi-m365-display nrf52832_ssd1306/Obj/ble_db_discovery.o
 .text.on_descriptor_discovery_rsp
                0x00000000000279f8      0x1e8 Output/xiaomi-m365-display nrf52832_ssd1306/Obj/ble_db_discovery.o
 .text.ble_db_discovery_init
                0x0000000000027be0       0x44 Output/xiaomi-m365-display nrf52832_ssd1306/Obj/ble_db_discovery.o
                0x0000000000027be0                ble_db_discovery_init
 .text.ble_db_discovery_evt_register
                0x0000000000027c24       0x40 Output/xiaomi-m365-display nrf52832_ssd1306/Obj/ble_db_discovery.o
                0x0000000000027c24                ble_db_discovery_evt_register
 .text.ble_db_discovery_start
                0x0000000000027c64       0xe4 Output/xiaomi-m365-display nrf52832_ssd1306/Obj/ble_db_discovery.o
                0x0000000000027c64                ble_db_discovery_start
 .text.on_disconnected
                0x0000000000027d48       0x22 Output/xiaomi-m365-display nrf52832_ssd1306/Obj/ble_db_discovery.o
 *fill*         0x0000000000027d6a        0x2 
 .text.ble_db_discovery_on_ble_evt
                0x0000000000027d6c      0x110 Output/xiaomi-m365-display nrf52832_ssd1306/Obj/ble_db_discovery.o
                0x0000000000027d6c                ble_db_discovery_on_ble_evt
 .text.sd_ble_gattc_write
                0x0000000000027e7c        0x8 Output/xiaomi-m365-display nrf52832_ssd1306/Obj/ble_nus_c.o
 .text.sd_ble_uuid_vs_add
                0x0000000000027e84        0x8 Output/xiaomi-m365-display nrf52832_ssd1306/Obj/ble_nus_c.o
 .text.ble_nus_c_on_db_disc_evt
                0x0000000000027e8c       0xf4 Output/xiaomi-m365-display nrf52832_ssd1306/Obj/ble_nus_c.o
                0x0000000000027e8c                ble_nus_c_on_db_disc_evt
 .text.on_hvx   0x0000000000027f80       0x68 Output/xiaomi-m365-display nrf52832_ssd1306/Obj/ble_nus_c.o
 .text.ble_nus_c_init
                0x0000000000027fe8       0x7c Output/xiaomi-m365-display nrf52832_ssd1306/Obj/ble_nus_c.o
                0x0000000000027fe8                ble_nus_c_init
 .text.ble_nus_c_on_ble_evt
                0x0000000000028064       0x84 Output/xiaomi-m365-display nrf52832_ssd1306/Obj/ble_nus_c.o
                0x0000000000028064                ble_nus_c_on_ble_evt
 .text.cccd_configure
                0x00000000000280e8       0x60 Output/xiaomi-m365-display nrf52832_ssd1306/Obj/ble_nus_c.o
 .text.ble_nus_c_rx_notif_enable
                0x0000000000028148       0x42 Output/xiaomi-m365-display nrf52832_ssd1306/Obj/ble_nus_c.o
                0x0000000000028148                ble_nus_c_rx_notif_enable
 .text.ble_nus_c_string_send
                0x000000000002818a       0x72 Output/xiaomi-m365-display nrf52832_ssd1306/Obj/ble_nus_c.o
                0x000000000002818a                ble_nus_c_string_send
 .text.ble_nus_c_handles_assign
                0x00000000000281fc       0x44 Output/xiaomi-m365-display nrf52832_ssd1306/Obj/ble_nus_c.o
                0x00000000000281fc                ble_nus_c_handles_assign
 .text.libc.__int32_to_float64
                0x0000000000028240       0x30 /Applications/SEGGER Embedded Studio for ARM 3.34a/lib/libm_v7em_fpv4_sp_d16_hard_t_le_eabi.a(libm_asm.o)
                0x0000000000028240                __floatsidf
                0x0000000000028240                __aeabi_i2d
                0x0000000000028240                __int32_to_float64
 .text.libc.__uint32_to_float64
                0x0000000000028270       0x24 /Applications/SEGGER Embedded Studio for ARM 3.34a/lib/libm_v7em_fpv4_sp_d16_hard_t_le_eabi.a(libm_asm.o)
                0x0000000000028270                __uint32_to_float64
                0x0000000000028270                __aeabi_ui2d
                0x0000000000028270                __floatunsidf
 .text.libc.__int64_to_float64
                0x0000000000028294       0xa0 /Applications/SEGGER Embedded Studio for ARM 3.34a/lib/libm_v7em_fpv4_sp_d16_hard_t_le_eabi.a(libm_asm.o)
                0x0000000000028294                __floatdidf
                0x0000000000028294                __int64_to_float64
                0x0000000000028294                __aeabi_l2d
                0x00000000000282b8                __RAL_aeabi_l2d_common
 .text.libc.__uint64_to_float64
                0x0000000000028334       0x14 /Applications/SEGGER Embedded Studio for ARM 3.34a/lib/libm_v7em_fpv4_sp_d16_hard_t_le_eabi.a(libm_asm.o)
                0x0000000000028334                __uint64_to_float64
                0x0000000000028334                __aeabi_ul2d
                0x0000000000028334                __floatundidf
 .text.libc.__float64_to_int32
                0x0000000000028348       0x50 /Applications/SEGGER Embedded Studio for ARM 3.34a/lib/libm_v7em_fpv4_sp_d16_hard_t_le_eabi.a(libm_asm.o)
                0x0000000000028348                __fixdfsi
                0x0000000000028348                __aeabi_d2iz
                0x0000000000028348                __float64_to_int32
 .text.libc.__float64_to_uint64
                0x0000000000028398       0x48 /Applications/SEGGER Embedded Studio for ARM 3.34a/lib/libm_v7em_fpv4_sp_d16_hard_t_le_eabi.a(libm_asm.o)
                0x0000000000028398                __aeabi_d2ulz
                0x0000000000028398                __fixunsdfdi
                0x0000000000028398                __float64_to_uint64
 .text.libc.__float64_add
                0x00000000000283e0      0x294 /Applications/SEGGER Embedded Studio for ARM 3.34a/lib/libm_v7em_fpv4_sp_d16_hard_t_le_eabi.a(libm_asm.o)
                0x00000000000283e0                __aeabi_drsub
                0x00000000000283e8                __float64_sub
                0x00000000000283e8                __aeabi_dsub
                0x00000000000283e8                __subdf3
                0x00000000000283ec                __adddf3
                0x00000000000283ec                __float64_add
                0x00000000000283ec                __aeabi_dadd
 .text.libc.__float64_mul
                0x0000000000028674      0x16c /Applications/SEGGER Embedded Studio for ARM 3.34a/lib/libm_v7em_fpv4_sp_d16_hard_t_le_eabi.a(libm_asm.o)
                0x0000000000028674                __aeabi_dmul
                0x0000000000028674                __float64_mul
                0x0000000000028674                __muldf3
 .text.libc.__float64_div
                0x00000000000287e0      0x214 /Applications/SEGGER Embedded Studio for ARM 3.34a/lib/libm_v7em_fpv4_sp_d16_hard_t_le_eabi.a(libm_asm.o)
                0x00000000000287e0                __aeabi_ddiv
                0x00000000000287e0                __divdf3
                0x00000000000287e0                __float64_div
 .text.libc.__float64_cmpeq
                0x00000000000289f4       0x34 /Applications/SEGGER Embedded Studio for ARM 3.34a/lib/libm_v7em_fpv4_sp_d16_hard_t_le_eabi.a(libm_asm.o)
                0x00000000000289f4                __aeabi_dcmpeq
 .text.libc.__float64_cmple
                0x0000000000028a28       0x3c /Applications/SEGGER Embedded Studio for ARM 3.34a/lib/libm_v7em_fpv4_sp_d16_hard_t_le_eabi.a(libm_asm.o)
                0x0000000000028a28                __aeabi_dcmple
 .text.libc.__float64_cmpge
                0x0000000000028a64       0x3c /Applications/SEGGER Embedded Studio for ARM 3.34a/lib/libm_v7em_fpv4_sp_d16_hard_t_le_eabi.a(libm_asm.o)
                0x0000000000028a64                __aeabi_dcmpge
 .text.libc.__float64_cmplt
                0x0000000000028aa0       0x38 /Applications/SEGGER Embedded Studio for ARM 3.34a/lib/libm_v7em_fpv4_sp_d16_hard_t_le_eabi.a(libm_asm.o)
                0x0000000000028aa0                __aeabi_dcmplt
 .text.libc.__float64_cmpgt
                0x0000000000028ad8       0x38 /Applications/SEGGER Embedded Studio for ARM 3.34a/lib/libm_v7em_fpv4_sp_d16_hard_t_le_eabi.a(libm_asm.o)
                0x0000000000028ad8                __aeabi_dcmpgt
 .text.libc.__float64_signbit
                0x0000000000028b10        0xc /Applications/SEGGER Embedded Studio for ARM 3.34a/lib/libm_v7em_fpv4_sp_d16_hard_t_le_eabi.a(libm_asm.o)
                0x0000000000028b10                __float64_signbit
 .text.libc.__float64_isinf
                0x0000000000028b1c       0x14 /Applications/SEGGER Embedded Studio for ARM 3.34a/lib/libm_v7em_fpv4_sp_d16_hard_t_le_eabi.a(libm_asm.o)
                0x0000000000028b1c                __float64_isinf
 .text.libc.__float64_isnan
                0x0000000000028b30       0x14 /Applications/SEGGER Embedded Studio for ARM 3.34a/lib/libm_v7em_fpv4_sp_d16_hard_t_le_eabi.a(libm_asm.o)
                0x0000000000028b30                __float64_isnan
 .text.libc.__RAL_ascii_isctype
                0x0000000000028b44       0x1c /Applications/SEGGER Embedded Studio for ARM 3.34a/lib/libc_v7em_fpv4_sp_d16_hard_t_le_eabi.a(libc2.o)
 .text.libc.__RAL_ascii_toupper
                0x0000000000028b60        0xc /Applications/SEGGER Embedded Studio for ARM 3.34a/lib/libc_v7em_fpv4_sp_d16_hard_t_le_eabi.a(libc2.o)
 .text.libc.__RAL_ascii_tolower
                0x0000000000028b6c        0xc /Applications/SEGGER Embedded Studio for ARM 3.34a/lib/libc_v7em_fpv4_sp_d16_hard_t_le_eabi.a(libc2.o)
 .text.libc.__RAL_ascii_iswctype
                0x0000000000028b78       0x1c /Applications/SEGGER Embedded Studio for ARM 3.34a/lib/libc_v7em_fpv4_sp_d16_hard_t_le_eabi.a(libc2.o)
 .text.libc.__RAL_ascii_towupper
                0x0000000000028b94        0xc /Applications/SEGGER Embedded Studio for ARM 3.34a/lib/libc_v7em_fpv4_sp_d16_hard_t_le_eabi.a(libc2.o)
 .text.libc.__RAL_ascii_towlower
                0x0000000000028ba0        0xc /Applications/SEGGER Embedded Studio for ARM 3.34a/lib/libc_v7em_fpv4_sp_d16_hard_t_le_eabi.a(libc2.o)
 .text.libc.__RAL_ascii_wctomb
                0x0000000000028bac        0xe /Applications/SEGGER Embedded Studio for ARM 3.34a/lib/libc_v7em_fpv4_sp_d16_hard_t_le_eabi.a(libc2.o)
                0x0000000000028bac                __RAL_ascii_wctomb
 .text.libc.__RAL_ascii_mbtowc
                0x0000000000028bba       0x24 /Applications/SEGGER Embedded Studio for ARM 3.34a/lib/libc_v7em_fpv4_sp_d16_hard_t_le_eabi.a(libc2.o)
                0x0000000000028bba                __RAL_ascii_mbtowc
 *fill*         0x0000000000028bde        0x2 
 .text.libc.__RAL_pow10
                0x0000000000028be0       0x60 /Applications/SEGGER Embedded Studio for ARM 3.34a/lib/libc_v7em_fpv4_sp_d16_hard_t_le_eabi.a(libc2.o)
                0x0000000000028be0                __RAL_pow10
 .text.libc.__putc
                0x0000000000028c40       0x34 /Applications/SEGGER Embedded Studio for ARM 3.34a/lib/libc_v7em_fpv4_sp_d16_hard_t_le_eabi.a(libc2.o)
                0x0000000000028c40                __putc
 .text.libc.__RAL_print_padding
                0x0000000000028c74       0x1c /Applications/SEGGER Embedded Studio for ARM 3.34a/lib/libc_v7em_fpv4_sp_d16_hard_t_le_eabi.a(libc2.o)
                0x0000000000028c74                __RAL_print_padding
 .text.libc.__RAL_pre_padding
                0x0000000000028c90       0x1c /Applications/SEGGER Embedded Studio for ARM 3.34a/lib/libc_v7em_fpv4_sp_d16_hard_t_le_eabi.a(libc2.o)
                0x0000000000028c90                __RAL_pre_padding
 .text.libc.abs
                0x0000000000028cac        0x8 /Applications/SEGGER Embedded Studio for ARM 3.34a/lib/libc_v7em_fpv4_sp_d16_hard_t_le_eabi.a(libc2.o)
                0x0000000000028cac                abs
 .text.libc.__RAL_isctype
                0x0000000000028cb4       0x14 /Applications/SEGGER Embedded Studio for ARM 3.34a/lib/libc_v7em_fpv4_sp_d16_hard_t_le_eabi.a(libc2.o)
                0x0000000000028cb4                __RAL_isctype
 .text.libc.isprint
                0x0000000000028cc8        0xa /Applications/SEGGER Embedded Studio for ARM 3.34a/lib/libc_v7em_fpv4_sp_d16_hard_t_le_eabi.a(libc2.o)
                0x0000000000028cc8                isprint
 *fill*         0x0000000000028cd2        0x2 
 .text.libc.__aeabi_errno_addr
                0x0000000000028cd4       0x14 /Applications/SEGGER Embedded Studio for ARM 3.34a/lib/libc_v7em_fpv4_sp_d16_hard_t_le_eabi.a(libc2.o)
                0x0000000000028cd4                __aeabi_errno_addr
 .text.libc.malloc
                0x0000000000028ce8       0x98 /Applications/SEGGER Embedded Studio for ARM 3.34a/lib/libc_v7em_fpv4_sp_d16_hard_t_le_eabi.a(libc2.o)
                0x0000000000028ce8                malloc
 .text.libc.calloc
                0x0000000000028d80       0x1c /Applications/SEGGER Embedded Studio for ARM 3.34a/lib/libc_v7em_fpv4_sp_d16_hard_t_le_eabi.a(libc2.o)
                0x0000000000028d80                calloc
 .text.libc.free
                0x0000000000028d9c       0xd4 /Applications/SEGGER Embedded Studio for ARM 3.34a/lib/libc_v7em_fpv4_sp_d16_hard_t_le_eabi.a(libc2.o)
                0x0000000000028d9c                free
 .text.libc.snprintf
                0x0000000000028e70       0x28 /Applications/SEGGER Embedded Studio for ARM 3.34a/lib/libc_v7em_fpv4_sp_d16_hard_t_le_eabi.a(libc2.o)
                0x0000000000028e70                snprintf
 .text.libc.strnlen
                0x0000000000028e98       0x20 /Applications/SEGGER Embedded Studio for ARM 3.34a/lib/libc_v7em_fpv4_sp_d16_hard_t_le_eabi.a(libc2.o)
                0x0000000000028e98                strnlen
 .text.libc.vsnprintf
                0x0000000000028eb8       0x1c /Applications/SEGGER Embedded Studio for ARM 3.34a/lib/libc_v7em_fpv4_sp_d16_hard_t_le_eabi.a(libc2.o)
                0x0000000000028eb8                vsnprintf
 .text.libc.memcpy
                0x0000000000028ed4       0x54 /Applications/SEGGER Embedded Studio for ARM 3.34a/lib/libc_v7em_fpv4_sp_d16_hard_t_le_eabi.a(libc2_asm.o)
                0x0000000000028ed4                memcpy
                0x0000000000028ed4                __aeabi_memcpy
                0x0000000000028ee0                __aeabi_memcpy4
                0x0000000000028ee0                __aeabi_memcpy8
 .text.libc.memset
                0x0000000000028f28       0x68 /Applications/SEGGER Embedded Studio for ARM 3.34a/lib/libc_v7em_fpv4_sp_d16_hard_t_le_eabi.a(libc2_asm.o)
                0x0000000000028f28                memset
 .text.libc.strcpy
                0x0000000000028f90       0x44 /Applications/SEGGER Embedded Studio for ARM 3.34a/lib/libc_v7em_fpv4_sp_d16_hard_t_le_eabi.a(libc2_asm.o)
                0x0000000000028f90                strcpy
 .text.libc.strlen
                0x0000000000028fd4       0x60 /Applications/SEGGER Embedded Studio for ARM 3.34a/lib/libc_v7em_fpv4_sp_d16_hard_t_le_eabi.a(libc2_asm.o)
                0x0000000000028fd4                strlen
 .text.libc.__int64_udivmod
                0x0000000000029034       0xd0 /Applications/SEGGER Embedded Studio for ARM 3.34a/lib/libc_v7em_fpv4_sp_d16_hard_t_le_eabi.a(libc_asm.o)
                0x0000000000029034                __int64_udivmod
                0x0000000000029034                __aeabi_uldivmod
                0x0000000000029034                __int64_udiv
                0x0000000000029034                __udivdi3
 *fill*         0x0000000000029104        0x4 
 .text.libc.__vfprintf_float_long
                0x0000000000029108     0x1180 /Applications/SEGGER Embedded Studio for ARM 3.34a/lib/libvfprintf_v7em_fpv4_sp_d16_hard_t_le_eabi.o
                0x0000000000029108                __vfprintf_float_long
 .text.libc.frexp
                0x000000000002a288       0x50 /Applications/SEGGER Embedded Studio for ARM 3.34a/lib/libm_v7em_fpv4_sp_d16_hard_t_le_eabi.a(libm2.o)
                0x000000000002a288                frexp(double, int*)
                0x000000000002a288                frexp
 .text.libc.ldexp
                0x000000000002a2d8       0x84 /Applications/SEGGER Embedded Studio for ARM 3.34a/lib/libm_v7em_fpv4_sp_d16_hard_t_le_eabi.a(libm2.o)
                0x000000000002a2d8                ldexp(double, int)
                0x000000000002a2d8                ldexp
 .text.libc.modf
                0x000000000002a35c       0x98 /Applications/SEGGER Embedded Studio for ARM 3.34a/lib/libm_v7em_fpv4_sp_d16_hard_t_le_eabi.a(libm2.o)
                0x000000000002a35c                modf
                0x000000000002a35c                modf(double, double*)
 .text.libc.floor
                0x000000000002a3f4       0xa4 /Applications/SEGGER Embedded Studio for ARM 3.34a/lib/libm_v7em_fpv4_sp_d16_hard_t_le_eabi.a(libm2.o)
                0x000000000002a3f4                floor
                0x000000000002a3f4                floor(double)
 .text.libc.fmod
                0x000000000002a498      0x190 /Applications/SEGGER Embedded Studio for ARM 3.34a/lib/libm_v7em_fpv4_sp_d16_hard_t_le_eabi.a(libm2.o)
                0x000000000002a498                fmod(double, double)
                0x000000000002a498                fmod
 .text.libc.fabs
                0x000000000002a628       0x10 /Applications/SEGGER Embedded Studio for ARM 3.34a/lib/libm_v7em_fpv4_sp_d16_hard_t_le_eabi.a(libm2_asm.o)
                0x000000000002a628                fabs
                0x000000000002a628                fabs(double)
                0x000000000002a638                __text_end__ = (__text_start__ + SIZEOF (.text))
                0x000000000000b39c                __text_size__ = SIZEOF (.text)
                0x000000000002a638                __text_load_end__ = __text_end__

.vfp11_veneer   0x0000000100000000        0x0
 .vfp11_veneer  0x0000000100000000        0x0 linker stubs

.v4_bx          0x0000000100000000        0x0
 .v4_bx         0x0000000100000000        0x0 linker stubs

.iplt           0x0000000100000000        0x0
 .iplt          0x0000000100000000        0x0 Output/xiaomi-m365-display nrf52832_ssd1306/Obj/thumb_crt0.o
                0x0000000000000001                . = ASSERT (((__text_start__ == __text_end__) || ((__text_end__ >= __FLASH_segment_start__) && (__text_end__ <= __FLASH_segment_end__))), error: .text is too large to fit in FLASH memory segment)
                0x000000000002a638                __dtors_load_start__ = ALIGN (__text_end__, 0x4)

.dtors          0x000000000002a638        0x0
                0x000000000002a638                __dtors_start__ = .
 *(SORT(.dtors.*))
 *(.dtors)
 *(.fini_array)
 *(SORT(.fini_array.*))
                0x000000000002a638                __dtors_end__ = (__dtors_start__ + SIZEOF (.dtors))
                0x0000000000000000                __dtors_size__ = SIZEOF (.dtors)
                0x000000000002a638                __dtors_load_end__ = __dtors_end__
                0x0000000000000001                . = ASSERT (((__dtors_start__ == __dtors_end__) || ((__dtors_end__ >= __FLASH_segment_start__) && (__dtors_end__ <= __FLASH_segment_end__))), error: .dtors is too large to fit in FLASH memory segment)
                0x000000000002a638                __ctors_load_start__ = ALIGN (__dtors_end__, 0x4)

.ctors          0x000000000002a638        0x0
                0x000000000002a638                __ctors_start__ = .
 *(SORT(.ctors.*))
 *(.ctors)
 *(.init_array)
 *(SORT(.init_array.*))
                0x000000000002a638                __ctors_end__ = (__ctors_start__ + SIZEOF (.ctors))
                0x0000000000000000                __ctors_size__ = SIZEOF (.ctors)
                0x000000000002a638                __ctors_load_end__ = __ctors_end__
                0x0000000000000001                . = ASSERT (((__ctors_start__ == __ctors_end__) || ((__ctors_end__ >= __FLASH_segment_start__) && (__ctors_end__ <= __FLASH_segment_end__))), error: .ctors is too large to fit in FLASH memory segment)
                0x000000000002a638                __rodata_load_start__ = ALIGN (__ctors_end__, 0x4)

.rodata         0x000000000002a638     0x17d0
                0x000000000002a638                __rodata_start__ = .
 *(.rodata .rodata.* .gnu.linkonce.r.*)
 .rodata.m_twi_master
                0x000000000002a638        0x8 Output/xiaomi-m365-display nrf52832_ssd1306/Obj/ssd1306.o
 .rodata.font   0x000000000002a640      0x4fb Output/xiaomi-m365-display nrf52832_ssd1306/Obj/ssd1306.o
 *fill*         0x000000000002ab3b        0x1 
 .rodata        0x000000000002ab3c       0x4c Output/xiaomi-m365-display nrf52832_ssd1306/Obj/ssd1306.o
 .rodata.m_connection_param
                0x000000000002ab88        0x8 Output/xiaomi-m365-display nrf52832_ssd1306/Obj/ble_module.o
 .rodata.m_scan_params
                0x000000000002ab90        0x8 Output/xiaomi-m365-display nrf52832_ssd1306/Obj/ble_module.o
 .rodata.m_nus_uuid
                0x000000000002ab98        0x4 Output/xiaomi-m365-display nrf52832_ssd1306/Obj/ble_module.o
 .rodata        0x000000000002ab9c      0x2dd Output/xiaomi-m365-display nrf52832_ssd1306/Obj/ble_module.o
 *fill*         0x000000000002ae79        0x3 
 .rodata        0x000000000002ae7c       0xdf Output/xiaomi-m365-display nrf52832_ssd1306/Obj/main.o
 *fill*         0x000000000002af5b        0x1 
 .rodata.bat_logo
                0x000000000002af5c       0x10 Output/xiaomi-m365-display nrf52832_ssd1306/Obj/main.o
 .rodata.scooter_logo
                0x000000000002af6c       0x80 Output/xiaomi-m365-display nrf52832_ssd1306/Obj/main.o
 .rodata.dist_logo
                0x000000000002afec       0x10 Output/xiaomi-m365-display nrf52832_ssd1306/Obj/main.o
 .rodata.m_ninebot_polling_timer_id
                0x000000000002affc        0x4 Output/xiaomi-m365-display nrf52832_ssd1306/Obj/ninebot_module.o
 .rodata        0x000000000002b000      0x26c Output/xiaomi-m365-display nrf52832_ssd1306/Obj/ninebot_module.o
 .rodata.m_board_led_list
                0x000000000002b26c        0x4 Output/xiaomi-m365-display nrf52832_ssd1306/Obj/boards.o
 .rodata.m_board_btn_list
                0x000000000002b270        0x2 Output/xiaomi-m365-display nrf52832_ssd1306/Obj/boards.o
 *fill*         0x000000000002b272        0x2 
 .rodata        0x000000000002b274      0x1d2 Output/xiaomi-m365-display nrf52832_ssd1306/Obj/softdevice_handler.o
 *fill*         0x000000000002b446        0x2 
 .rodata        0x000000000002b448       0x79 Output/xiaomi-m365-display nrf52832_ssd1306/Obj/nrf_drv_gpiote.o
 *fill*         0x000000000002b4c1        0x3 
 .rodata.__func__.8673
                0x000000000002b4c4       0x14 Output/xiaomi-m365-display nrf52832_ssd1306/Obj/nrf_drv_gpiote.o
 .rodata.__func__.8752
                0x000000000002b4d8       0x17 Output/xiaomi-m365-display nrf52832_ssd1306/Obj/nrf_drv_gpiote.o
 *fill*         0x000000000002b4ef        0x1 
 .rodata.m_detection_delay_timer_id
                0x000000000002b4f0        0x4 Output/xiaomi-m365-display nrf52832_ssd1306/Obj/app_button.o
 .rodata        0x000000000002b4f4       0x72 Output/xiaomi-m365-display nrf52832_ssd1306/Obj/app_timer.o
 *fill*         0x000000000002b566        0x2 
 .rodata        0x000000000002b568        0x7 Output/xiaomi-m365-display nrf52832_ssd1306/Obj/nrf_log_backend_serial.o
 *fill*         0x000000000002b56f        0x1 
 .rodata        0x000000000002b570       0x18 Output/xiaomi-m365-display nrf52832_ssd1306/Obj/app_error_weak.o
 .rodata        0x000000000002b588       0x17 Output/xiaomi-m365-display nrf52832_ssd1306/Obj/SEGGER_RTT.o
 *fill*         0x000000000002b59f        0x1 
 .rodata        0x000000000002b5a0      0x308 Output/xiaomi-m365-display nrf52832_ssd1306/Obj/sdk_errors.o
 .rodata.m_leds_timer_id
                0x000000000002b8a8        0x4 Output/xiaomi-m365-display nrf52832_ssd1306/Obj/bsp.o
 .rodata.m_alert_timer_id
                0x000000000002b8ac        0x4 Output/xiaomi-m365-display nrf52832_ssd1306/Obj/bsp.o
 .rodata.m_button_timer_id
                0x000000000002b8b0        0x4 Output/xiaomi-m365-display nrf52832_ssd1306/Obj/bsp.o
 .rodata.app_buttons
                0x000000000002b8b4       0x10 Output/xiaomi-m365-display nrf52832_ssd1306/Obj/bsp.o
 .rodata        0x000000000002b8c4      0x11f Output/xiaomi-m365-display nrf52832_ssd1306/Obj/ble_db_discovery.o
 *fill*         0x000000000002b9e3        0x1 
 .rodata        0x000000000002b9e4       0x9c Output/xiaomi-m365-display nrf52832_ssd1306/Obj/ble_nus_c.o
 .rodata.libc.__float64_nan
                0x000000000002ba80        0x8 /Applications/SEGGER Embedded Studio for ARM 3.34a/lib/libm_v7em_fpv4_sp_d16_hard_t_le_eabi.a(libm_asm.o)
                0x000000000002ba80                __float64_nan
 .rodata.libc.__RAL_ascii_ctype_map
                0x000000000002ba88       0x80 /Applications/SEGGER Embedded Studio for ARM 3.34a/lib/libc_v7em_fpv4_sp_d16_hard_t_le_eabi.a(libc2.o)
                0x000000000002ba88                __RAL_ascii_ctype_map
 .rodata.libc.__RAL_ascii_ctype_mask
                0x000000000002bb08        0xd /Applications/SEGGER Embedded Studio for ARM 3.34a/lib/libc_v7em_fpv4_sp_d16_hard_t_le_eabi.a(libc2.o)
 *fill*         0x000000000002bb15        0x3 
 .rodata.libc.__RAL_c_locale
                0x000000000002bb18        0xc /Applications/SEGGER Embedded Studio for ARM 3.34a/lib/libc_v7em_fpv4_sp_d16_hard_t_le_eabi.a(libc2.o)
                0x000000000002bb18                __RAL_c_locale
 .rodata.libc.__RAL_c_locale_abbrev_day_names
                0x000000000002bb24       0x1d /Applications/SEGGER Embedded Studio for ARM 3.34a/lib/libc_v7em_fpv4_sp_d16_hard_t_le_eabi.a(libc2.o)
                0x000000000002bb24                __RAL_c_locale_abbrev_day_names
 *fill*         0x000000000002bb41        0x3 
 .rodata.libc.__RAL_c_locale_abbrev_month_names
                0x000000000002bb44       0x31 /Applications/SEGGER Embedded Studio for ARM 3.34a/lib/libc_v7em_fpv4_sp_d16_hard_t_le_eabi.a(libc2.o)
                0x000000000002bb44                __RAL_c_locale_abbrev_month_names
 *fill*         0x000000000002bb75        0x3 
 .rodata.libc.__RAL_c_locale_am_pm_indicator
                0x000000000002bb78        0x7 /Applications/SEGGER Embedded Studio for ARM 3.34a/lib/libc_v7em_fpv4_sp_d16_hard_t_le_eabi.a(libc2.o)
                0x000000000002bb78                __RAL_c_locale_am_pm_indicator
 *fill*         0x000000000002bb7f        0x1 
 .rodata.libc.__RAL_c_locale_data
                0x000000000002bb80       0x58 /Applications/SEGGER Embedded Studio for ARM 3.34a/lib/libc_v7em_fpv4_sp_d16_hard_t_le_eabi.a(libc2.o)
                0x000000000002bb80                __RAL_c_locale_data
 .rodata.libc.__RAL_c_locale_date_format
                0x000000000002bbd8        0x9 /Applications/SEGGER Embedded Studio for ARM 3.34a/lib/libc_v7em_fpv4_sp_d16_hard_t_le_eabi.a(libc2.o)
                0x000000000002bbd8                __RAL_c_locale_date_format
 *fill*         0x000000000002bbe1        0x3 
 .rodata.libc.__RAL_c_locale_date_time_format
                0x000000000002bbe4        0xf /Applications/SEGGER Embedded Studio for ARM 3.34a/lib/libc_v7em_fpv4_sp_d16_hard_t_le_eabi.a(libc2.o)
                0x000000000002bbe4                __RAL_c_locale_date_time_format
 *fill*         0x000000000002bbf3        0x1 
 .rodata.libc.__RAL_c_locale_day_names
                0x000000000002bbf4       0x3a /Applications/SEGGER Embedded Studio for ARM 3.34a/lib/libc_v7em_fpv4_sp_d16_hard_t_le_eabi.a(libc2.o)
                0x000000000002bbf4                __RAL_c_locale_day_names
 *fill*         0x000000000002bc2e        0x2 
 .rodata.libc.__RAL_c_locale_month_names
                0x000000000002bc30       0x57 /Applications/SEGGER Embedded Studio for ARM 3.34a/lib/libc_v7em_fpv4_sp_d16_hard_t_le_eabi.a(libc2.o)
                0x000000000002bc30                __RAL_c_locale_month_names
 *fill*         0x000000000002bc87        0x1 
 .rodata.libc.__RAL_c_locale_time_format
                0x000000000002bc88        0x9 /Applications/SEGGER Embedded Studio for ARM 3.34a/lib/libc_v7em_fpv4_sp_d16_hard_t_le_eabi.a(libc2.o)
                0x000000000002bc88                __RAL_c_locale_time_format
 *fill*         0x000000000002bc91        0x3 
 .rodata.libc.__RAL_codeset_ascii
                0x000000000002bc94       0x20 /Applications/SEGGER Embedded Studio for ARM 3.34a/lib/libc_v7em_fpv4_sp_d16_hard_t_le_eabi.a(libc2.o)
                0x000000000002bc94                __RAL_codeset_ascii
 .rodata.libc.__RAL_data_empty_string
                0x000000000002bcb4        0x1 /Applications/SEGGER Embedded Studio for ARM 3.34a/lib/libc_v7em_fpv4_sp_d16_hard_t_le_eabi.a(libc2.o)
                0x000000000002bcb4                __RAL_data_empty_string
 *fill*         0x000000000002bcb5        0x3 
 .rodata.libc.__RAL_data_utf8_period
                0x000000000002bcb8        0x2 /Applications/SEGGER Embedded Studio for ARM 3.34a/lib/libc_v7em_fpv4_sp_d16_hard_t_le_eabi.a(libc2.o)
                0x000000000002bcb8                __RAL_data_utf8_period
 *fill*         0x000000000002bcba        0x2 
 .rodata.libc.__RAL_find_locale.str1.4
                0x000000000002bcbc        0xa /Applications/SEGGER Embedded Studio for ARM 3.34a/lib/libc_v7em_fpv4_sp_d16_hard_t_le_eabi.a(libc2.o)
 *fill*         0x000000000002bcc6        0x2 
 .rodata.libc.__RAL_hex_lc
                0x000000000002bcc8       0x10 /Applications/SEGGER Embedded Studio for ARM 3.34a/lib/libc_v7em_fpv4_sp_d16_hard_t_le_eabi.a(libc2.o)
                0x000000000002bcc8                __RAL_hex_lc
 .rodata.libc.__RAL_hex_uc
                0x000000000002bcd8       0x10 /Applications/SEGGER Embedded Studio for ARM 3.34a/lib/libc_v7em_fpv4_sp_d16_hard_t_le_eabi.a(libc2.o)
                0x000000000002bcd8                __RAL_hex_uc
 .rodata.libc.__aeabi_EDOM
                0x000000000002bce8        0x4 /Applications/SEGGER Embedded Studio for ARM 3.34a/lib/libc_v7em_fpv4_sp_d16_hard_t_le_eabi.a(libc2.o)
                0x000000000002bce8                __aeabi_EDOM
 .rodata.libc.__aeabi_ERANGE
                0x000000000002bcec        0x4 /Applications/SEGGER Embedded Studio for ARM 3.34a/lib/libc_v7em_fpv4_sp_d16_hard_t_le_eabi.a(libc2.o)
                0x000000000002bcec                __aeabi_ERANGE
 .rodata.libc.power
                0x000000000002bcf0       0x48 /Applications/SEGGER Embedded Studio for ARM 3.34a/lib/libc_v7em_fpv4_sp_d16_hard_t_le_eabi.a(libc2.o)
 .rodata.libc.__vfprintf_float_long.str1.4
                0x000000000002bd38       0x28 /Applications/SEGGER Embedded Studio for ARM 3.34a/lib/libvfprintf_v7em_fpv4_sp_d16_hard_t_le_eabi.o
 .rodata.libc.__vfprintf_int.str1.4
                0x000000000002bd60        0x8 /Applications/SEGGER Embedded Studio for ARM 3.34a/lib/libvfprintf_v7em_fpv4_sp_d16_hard_t_le_eabi.o
                                          0x7 (size before relaxing)
 .rodata.libc.ipow10
                0x000000000002bd68       0xa0 /Applications/SEGGER Embedded Studio for ARM 3.34a/lib/libvfprintf_v7em_fpv4_sp_d16_hard_t_le_eabi.o
                0x000000000002be08                __rodata_end__ = (__rodata_start__ + SIZEOF (.rodata))
                0x00000000000017d0                __rodata_size__ = SIZEOF (.rodata)
                0x000000000002be08                __rodata_load_end__ = __rodata_end__

.rel.dyn        0x0000000000000000        0x0